Archive member included to satisfy reference by file (symbol)

/media/keten/OS/c_plusplus_try/new_build/Middlewares/ST/ARM/DSP/Lib/libarm_cortexM4lf_math.a(arm_sin_f32.o)
                              CMakeFiles/new_build.elf.dir/App/chassis_task/Omni_Chassis.cpp.obj (arm_sin_f32)
/media/keten/OS/c_plusplus_try/new_build/Middlewares/ST/ARM/DSP/Lib/libarm_cortexM4lf_math.a(arm_cos_f32.o)
                              CMakeFiles/new_build.elf.dir/App/chassis_task/Omni_Chassis.cpp.obj (arm_cos_f32)
/media/keten/OS/c_plusplus_try/new_build/Middlewares/ST/ARM/DSP/Lib/libarm_cortexM4lf_math.a(arm_common_tables.o)
                              /media/keten/OS/c_plusplus_try/new_build/Middlewares/ST/ARM/DSP/Lib/libarm_cortexM4lf_math.a(arm_sin_f32.o) (sinTable_f32)
/home/keten/arm-gnu-toolchain/arm-gnu-toolchain-13.2.Rel1-x86_64-arm-none-eabi/bin/../lib/gcc/arm-none-eabi/13.2.1/../../../../arm-none-eabi/lib/thumb/v7e-m+fp/hard/libstdc++_nano.a(atexit_arm.o)
                              CMakeFiles/new_build.elf.dir/App/chassis_task/chassis_task.cpp.obj (__aeabi_atexit)
/home/keten/arm-gnu-toolchain/arm-gnu-toolchain-13.2.Rel1-x86_64-arm-none-eabi/bin/../lib/gcc/arm-none-eabi/13.2.1/../../../../arm-none-eabi/lib/thumb/v7e-m+fp/hard/libstdc++_nano.a(class_type_info.o)
                              CMakeFiles/new_build.elf.dir/App/chassis_task/Omni_Chassis.cpp.obj (vtable for __cxxabiv1::__class_type_info)
/home/keten/arm-gnu-toolchain/arm-gnu-toolchain-13.2.Rel1-x86_64-arm-none-eabi/bin/../lib/gcc/arm-none-eabi/13.2.1/../../../../arm-none-eabi/lib/thumb/v7e-m+fp/hard/libstdc++_nano.a(del_ops.o)
                              CMakeFiles/new_build.elf.dir/App/chassis_task/Omni_Chassis.cpp.obj (operator delete(void*, unsigned int))
/home/keten/arm-gnu-toolchain/arm-gnu-toolchain-13.2.Rel1-x86_64-arm-none-eabi/bin/../lib/gcc/arm-none-eabi/13.2.1/../../../../arm-none-eabi/lib/thumb/v7e-m+fp/hard/libstdc++_nano.a(eh_arm.o)
                              CMakeFiles/new_build.elf.dir/App/chassis_task/Omni_Chassis.cpp.obj (__cxa_end_cleanup)
/home/keten/arm-gnu-toolchain/arm-gnu-toolchain-13.2.Rel1-x86_64-arm-none-eabi/bin/../lib/gcc/arm-none-eabi/13.2.1/../../../../arm-none-eabi/lib/thumb/v7e-m+fp/hard/libstdc++_nano.a(eh_exception.o)
                              /home/keten/arm-gnu-toolchain/arm-gnu-toolchain-13.2.Rel1-x86_64-arm-none-eabi/bin/../lib/gcc/arm-none-eabi/13.2.1/../../../../arm-none-eabi/lib/thumb/v7e-m+fp/hard/libstdc++_nano.a(eh_arm.o) (typeinfo for __cxxabiv1::__forced_unwind)
/home/keten/arm-gnu-toolchain/arm-gnu-toolchain-13.2.Rel1-x86_64-arm-none-eabi/bin/../lib/gcc/arm-none-eabi/13.2.1/../../../../arm-none-eabi/lib/thumb/v7e-m+fp/hard/libstdc++_nano.a(eh_globals.o)
                              /home/keten/arm-gnu-toolchain/arm-gnu-toolchain-13.2.Rel1-x86_64-arm-none-eabi/bin/../lib/gcc/arm-none-eabi/13.2.1/../../../../arm-none-eabi/lib/thumb/v7e-m+fp/hard/libstdc++_nano.a(eh_arm.o) (__cxa_get_globals)
/home/keten/arm-gnu-toolchain/arm-gnu-toolchain-13.2.Rel1-x86_64-arm-none-eabi/bin/../lib/gcc/arm-none-eabi/13.2.1/../../../../arm-none-eabi/lib/thumb/v7e-m+fp/hard/libstdc++_nano.a(eh_personality.o)
                              CMakeFiles/new_build.elf.dir/App/chassis_task/Omni_Chassis.cpp.obj (__gxx_personality_v0)
/home/keten/arm-gnu-toolchain/arm-gnu-toolchain-13.2.Rel1-x86_64-arm-none-eabi/bin/../lib/gcc/arm-none-eabi/13.2.1/../../../../arm-none-eabi/lib/thumb/v7e-m+fp/hard/libstdc++_nano.a(eh_terminate.o)
                              /home/keten/arm-gnu-toolchain/arm-gnu-toolchain-13.2.Rel1-x86_64-arm-none-eabi/bin/../lib/gcc/arm-none-eabi/13.2.1/../../../../arm-none-eabi/lib/thumb/v7e-m+fp/hard/libstdc++_nano.a(eh_arm.o) (std::terminate())
/home/keten/arm-gnu-toolchain/arm-gnu-toolchain-13.2.Rel1-x86_64-arm-none-eabi/bin/../lib/gcc/arm-none-eabi/13.2.1/../../../../arm-none-eabi/lib/thumb/v7e-m+fp/hard/libstdc++_nano.a(eh_unex_handler.o)
                              /home/keten/arm-gnu-toolchain/arm-gnu-toolchain-13.2.Rel1-x86_64-arm-none-eabi/bin/../lib/gcc/arm-none-eabi/13.2.1/../../../../arm-none-eabi/lib/thumb/v7e-m+fp/hard/libstdc++_nano.a(eh_terminate.o) (__cxxabiv1::__unexpected_handler)
/home/keten/arm-gnu-toolchain/arm-gnu-toolchain-13.2.Rel1-x86_64-arm-none-eabi/bin/../lib/gcc/arm-none-eabi/13.2.1/../../../../arm-none-eabi/lib/thumb/v7e-m+fp/hard/libstdc++_nano.a(guard.o)
                              CMakeFiles/new_build.elf.dir/App/chassis_task/Omni_Chassis.cpp.obj (__cxa_guard_acquire)
/home/keten/arm-gnu-toolchain/arm-gnu-toolchain-13.2.Rel1-x86_64-arm-none-eabi/bin/../lib/gcc/arm-none-eabi/13.2.1/../../../../arm-none-eabi/lib/thumb/v7e-m+fp/hard/libstdc++_nano.a(si_class_type_info.o)
                              CMakeFiles/new_build.elf.dir/App/chassis_task/Omni_Chassis.cpp.obj (vtable for __cxxabiv1::__si_class_type_info)
[...]
Memory Configuration

Name             Origin             Length             Attributes
RAM              0x20000000         0x00020000         xrw
CCMRAM           0x10000000         0x00010000         xrw
FLASH            0x08000000         0x00100000         xr
*default*        0x00000000         0xffffffff

Linker script and memory map

LOAD /home/keten/arm-gnu-toolchain/arm-gnu-toolchain-13.2.Rel1-x86_64-arm-none-eabi/bin/../lib/gcc/arm-none-eabi/13.2.1/thumb/v7e-m+fp/hard/crti.o
LOAD /home/keten/arm-gnu-toolchain/arm-gnu-toolchain-13.2.Rel1-x86_64-arm-none-eabi/bin/../lib/gcc/arm-none-eabi/13.2.1/thumb/v7e-m+fp/hard/crtbegin.o
LOAD /home/keten/arm-gnu-toolchain/arm-gnu-toolchain-13.2.Rel1-x86_64-arm-none-eabi/bin/../lib/gcc/arm-none-eabi/13.2.1/../../../../arm-none-eabi/lib/thumb/v7e-m+fp/hard/crt0.o
LOAD /home/keten/arm-gnu-toolchain/arm-gnu-toolchain-13.2.Rel1-x86_64-arm-none-eabi/bin/../lib/gcc/arm-none-eabi/13.2.1/../../../../arm-none-eabi/lib/thumb/v7e-m+fp/hard/libstdc++_nano.a
LOAD CMakeFiles/new_build.elf.dir/App/chassis_task/Omni_Chassis.cpp.obj
LOAD CMakeFiles/new_build.elf.dir/App/chassis_task/chassis_task.cpp.obj
LOAD CMakeFiles/new_build.elf.dir/App/control_task/control_task.cpp.obj
LOAD CMakeFiles/new_build.elf.dir/App/debug_task/debug_task.cpp.obj
LOAD CMakeFiles/new_build.elf.dir/App/robot.c.obj
LOAD CMakeFiles/new_build.elf.dir/App/robot_com/com_config.cpp.obj
LOAD CMakeFiles/new_build.elf.dir/App/robot_ins/robot_ins.c.obj
LOAD CMakeFiles/new_build.elf.dir/Bsp/can/bsp_can.c.obj
LOAD CMakeFiles/new_build.elf.dir/Bsp/dwt/bsp_dwt.c.obj
LOAD CMakeFiles/new_build.elf.dir/Bsp/gpio/bsp_gpio.c.obj
LOAD CMakeFiles/new_build.elf.dir/Bsp/log/bsp_log.c.obj
LOAD CMakeFiles/new_build.elf.dir/Bsp/soft_reset/soft_reset.c.obj
LOAD CMakeFiles/new_build.elf.dir/Bsp/usart/bsp_usart.c.obj
LOAD CMakeFiles/new_build.elf.dir/Core/Src/can.c.obj
LOAD CMakeFiles/new_build.elf.dir/Core/Src/dma.c.obj
LOAD CMakeFiles/new_build.elf.dir/Core/Src/freertos.c.obj
LOAD CMakeFiles/new_build.elf.dir/Core/Src/gpio.c.obj
LOAD CMakeFiles/new_build.elf.dir/Core/Src/main.c.obj
LOAD CMakeFiles/new_build.elf.dir/Core/Src/stm32f4xx_hal_msp.c.obj
LOAD CMakeFiles/new_build.elf.dir/Core/Src/stm32f4xx_hal_timebase_tim.c.obj
LOAD CMakeFiles/new_build.elf.dir/Core/Src/stm32f4xx_it.c.obj
LOAD CMakeFiles/new_build.elf.dir/Core/Src/syscalls.c.obj
LOAD CMakeFiles/new_build.elf.dir/Core/Src/sysmem.c.obj
LOAD CMakeFiles/new_build.elf.dir/Core/Src/system_stm32f4xx.c.obj
LOAD CMakeFiles/new_build.elf.dir/Core/Src/usart.c.obj
LOAD CMakeFiles/new_build.elf.dir/Drivers/STM32F4xx_HAL_Driver/Src/stm32f4xx_hal.c.obj
LOAD CMakeFiles/new_build.elf.dir/Drivers/STM32F4xx_HAL_Driver/Src/stm32f4xx_hal_can.c.obj
LOAD CMakeFiles/new_build.elf.dir/Drivers/STM32F4xx_HAL_Driver/Src/stm32f4xx_hal_cortex.c.obj
LOAD CMakeFiles/new_build.elf.dir/Drivers/STM32F4xx_HAL_Driver/Src/stm32f4xx_hal_dma.c.obj
LOAD CMakeFiles/new_build.elf.dir/Drivers/STM32F4xx_HAL_Driver/Src/stm32f4xx_hal_dma_ex.c.obj
LOAD CMakeFiles/new_build.elf.dir/Drivers/STM32F4xx_HAL_Driver/Src/stm32f4xx_hal_exti.c.obj
LOAD CMakeFiles/new_build.elf.dir/Drivers/STM32F4xx_HAL_Driver/Src/stm32f4xx_hal_flash.c.obj
LOAD CMakeFiles/new_build.elf.dir/Drivers/STM32F4xx_HAL_Driver/Src/stm32f4xx_hal_flash_ex.c.obj
LOAD CMakeFiles/new_build.elf.dir/Drivers/STM32F4xx_HAL_Driver/Src/stm32f4xx_hal_flash_ramfunc.c.obj
LOAD CMakeFiles/new_build.elf.dir/Drivers/STM32F4xx_HAL_Driver/Src/stm32f4xx_hal_gpio.c.obj
LOAD CMakeFiles/new_build.elf.dir/Drivers/STM32F4xx_HAL_Driver/Src/stm32f4xx_hal_pwr.c.obj
LOAD CMakeFiles/new_build.elf.dir/Drivers/STM32F4xx_HAL_Driver/Src/stm32f4xx_hal_pwr_ex.c.obj
LOAD CMakeFiles/new_build.elf.dir/Drivers/STM32F4xx_HAL_Driver/Src/stm32f4xx_hal_rcc.c.obj
LOAD CMakeFiles/new_build.elf.dir/Drivers/STM32F4xx_HAL_Driver/Src/stm32f4xx_hal_rcc_ex.c.obj
LOAD CMakeFiles/new_build.elf.dir/Drivers/STM32F4xx_HAL_Driver/Src/stm32f4xx_hal_tim.c.obj
LOAD CMakeFiles/new_build.elf.dir/Drivers/STM32F4xx_HAL_Driver/Src/stm32f4xx_hal_tim_ex.c.obj
LOAD CMakeFiles/new_build.elf.dir/Drivers/STM32F4xx_HAL_Driver/Src/stm32f4xx_hal_uart.c.obj
LOAD CMakeFiles/new_build.elf.dir/Middlewares/Third_Party/FreeRTOS/Source/CMSIS_RTOS_V2/cmsis_os2.c.obj
LOAD CMakeFiles/new_build.elf.dir/Middlewares/Third_Party/FreeRTOS/Source/croutine.c.obj
LOAD CMakeFiles/new_build.elf.dir/Middlewares/Third_Party/FreeRTOS/Source/event_groups.c.obj
LOAD CMakeFiles/new_build.elf.dir/Middlewares/Third_Party/FreeRTOS/Source/list.c.obj
LOAD CMakeFiles/new_build.elf.dir/Middlewares/Third_Party/FreeRTOS/Source/portable/GCC/ARM_CM4F/port.c.obj
LOAD CMakeFiles/new_build.elf.dir/Middlewares/Third_Party/FreeRTOS/Source/portable/MemMang/heap_4.c.obj
LOAD CMakeFiles/new_build.elf.dir/Middlewares/Third_Party/FreeRTOS/Source/queue.c.obj
LOAD CMakeFiles/new_build.elf.dir/Middlewares/Third_Party/FreeRTOS/Source/stream_buffer.c.obj
LOAD CMakeFiles/new_build.elf.dir/Middlewares/Third_Party/FreeRTOS/Source/tasks.c.obj
LOAD CMakeFiles/new_build.elf.dir/Middlewares/Third_Party/FreeRTOS/Source/timers.c.obj
LOAD CMakeFiles/new_build.elf.dir/Middlewares/Third_Party/SystemView/Config/SEGGER_SYSVIEW_Config_FreeRTOS.c.obj
LOAD CMakeFiles/new_build.elf.dir/Middlewares/Third_Party/SystemView/SEGGER/SEGGER_RTT.c.obj
LOAD CMakeFiles/new_build.elf.dir/Middlewares/Third_Party/SystemView/SEGGER/SEGGER_RTT_printf.c.obj
LOAD CMakeFiles/new_build.elf.dir/Middlewares/Third_Party/SystemView/SEGGER/SEGGER_SYSVIEW.c.obj
LOAD CMakeFiles/new_build.elf.dir/Middlewares/Third_Party/SystemView/SEGGER/SEGGER_SYSVIEW_FreeRTOS.c.obj
LOAD CMakeFiles/new_build.elf.dir/Middlewares/Third_Party/SystemView/SEGGER/Syscalls/SEGGER_RTT_Syscalls_GCC.c.obj
LOAD CMakeFiles/new_build.elf.dir/Module/action/action.c.obj
LOAD CMakeFiles/new_build.elf.dir/Module/air_joy/air_joy.c.obj
LOAD CMakeFiles/new_build.elf.dir/Module/alarm/buzzer.cpp.obj
LOAD CMakeFiles/new_build.elf.dir/Module/algorithm/filter.cpp.obj
LOAD CMakeFiles/new_build.elf.dir/Module/controller/pid_controller.c.obj
LOAD CMakeFiles/new_build.elf.dir/Module/motor/rm_motor.cpp.obj
LOAD CMakeFiles/new_build.elf.dir/Module/movebase/tracking.c.obj
LOAD CMakeFiles/new_build.elf.dir/Module/ros_com/ros_com.c.obj
LOAD CMakeFiles/new_build.elf.dir/Module/rtos_interface.c.obj
LOAD CMakeFiles/new_build.elf.dir/Module/soft_iwdg/soft_iwdg.c.obj
LOAD CMakeFiles/new_build.elf.dir/Module/tool/circular_queue.c.obj
LOAD CMakeFiles/new_build.elf.dir/Module/tool/cvector.c.obj
LOAD CMakeFiles/new_build.elf.dir/Module/tool/user_tool.c.obj
LOAD CMakeFiles/new_build.elf.dir/Module/topics/topics.c.obj
LOAD CMakeFiles/new_build.elf.dir/Module/vofa/vofa.c.obj
LOAD CMakeFiles/new_build.elf.dir/ToolChain/startup_stm32f407xx.s.obj
LOAD CMakeFiles/new_build.elf.dir/Middlewares/Third_Party/SystemView/SEGGER/SEGGER_RTT_ASM_ARMv7M.s.obj
LOAD /media/keten/OS/c_plusplus_try/new_build/Middlewares/ST/ARM/DSP/Lib/libarm_cortexM4lf_math.a
LOAD /home/keten/arm-gnu-toolchain/arm-gnu-toolchain-13.2.Rel1-x86_64-arm-none-eabi/bin/../lib/gcc/arm-none-eabi/13.2.1/../../../../arm-none-eabi/lib/thumb/v7e-m+fp/hard/libstdc++_nano.a
LOAD /home/keten/arm-gnu-toolchain/arm-gnu-toolchain-13.2.Rel1-x86_64-arm-none-eabi/bin/../lib/gcc/arm-none-eabi/13.2.1/../../../../arm-none-eabi/lib/thumb/v7e-m+fp/hard/libm.a
LOAD /home/keten/arm-gnu-toolchain/arm-gnu-toolchain-13.2.Rel1-x86_64-arm-none-eabi/bin/../lib/gcc/arm-none-eabi/13.2.1/../../../../arm-none-eabi/lib/thumb/v7e-m+fp/hard/libc_nano.a
START GROUP
LOAD /home/keten/arm-gnu-toolchain/arm-gnu-toolchain-13.2.Rel1-x86_64-arm-none-eabi/bin/../lib/gcc/arm-none-eabi/13.2.1/thumb/v7e-m+fp/hard/libgcc.a
LOAD /home/keten/arm-gnu-toolchain/arm-gnu-toolchain-13.2.Rel1-x86_64-arm-none-eabi/bin/../lib/gcc/arm-none-eabi/13.2.1/../../../../arm-none-eabi/lib/thumb/v7e-m+fp/hard/libg_nano.a
LOAD /home/keten/arm-gnu-toolchain/arm-gnu-toolchain-13.2.Rel1-x86_64-arm-none-eabi/bin/../lib/gcc/arm-none-eabi/13.2.1/../../../../arm-none-eabi/lib/thumb/v7e-m+fp/hard/libc_nano.a
END GROUP
START GROUP
LOAD /home/keten/arm-gnu-toolchain/arm-gnu-toolchain-13.2.Rel1-x86_64-arm-none-eabi/bin/../lib/gcc/arm-none-eabi/13.2.1/thumb/v7e-m+fp/hard/libgcc.a
LOAD /home/keten/arm-gnu-toolchain/arm-gnu-toolchain-13.2.Rel1-x86_64-arm-none-eabi/bin/../lib/gcc/arm-none-eabi/13.2.1/../../../../arm-none-eabi/lib/thumb/v7e-m+fp/hard/libc_nano.a
LOAD /home/keten/arm-gnu-toolchain/arm-gnu-toolchain-13.2.Rel1-x86_64-arm-none-eabi/bin/../lib/gcc/arm-none-eabi/13.2.1/../../../../arm-none-eabi/lib/thumb/v7e-m+fp/hard/libnosys.a
END GROUP
START GROUP
LOAD /home/keten/arm-gnu-toolchain/arm-gnu-toolchain-13.2.Rel1-x86_64-arm-none-eabi/bin/../lib/gcc/arm-none-eabi/13.2.1/thumb/v7e-m+fp/hard/libgcc.a
LOAD /home/keten/arm-gnu-toolchain/arm-gnu-toolchain-13.2.Rel1-x86_64-arm-none-eabi/bin/../lib/gcc/arm-none-eabi/13.2.1/../../../../arm-none-eabi/lib/thumb/v7e-m+fp/hard/libc_nano.a
LOAD /home/keten/arm-gnu-toolchain/arm-gnu-toolchain-13.2.Rel1-x86_64-arm-none-eabi/bin/../lib/gcc/arm-none-eabi/13.2.1/../../../../arm-none-eabi/lib/thumb/v7e-m+fp/hard/libnosys.a
END GROUP
LOAD /home/keten/arm-gnu-toolchain/arm-gnu-toolchain-13.2.Rel1-x86_64-arm-none-eabi/bin/../lib/gcc/arm-none-eabi/13.2.1/thumb/v7e-m+fp/hard/crtend.o
LOAD /home/keten/arm-gnu-toolchain/arm-gnu-toolchain-13.2.Rel1-x86_64-arm-none-eabi/bin/../lib/gcc/arm-none-eabi/13.2.1/thumb/v7e-m+fp/hard/crtn.o
                0x20020000                        _estack = (ORIGIN (RAM) + LENGTH (RAM))
                0x00000200                        _Min_Heap_Size = 0x200
                0x00000400                        _Min_Stack_Size = 0x400

.isr_vector     0x08000000      0x188
                0x08000000                        . = ALIGN (0x4)
 *(.isr_vector)
 .isr_vector    0x08000000      0x188 CMakeFiles/new_build.elf.dir/ToolChain/startup_stm32f407xx.s.obj
                0x08000000                g_pfnVectors
                0x08000188                        . = ALIGN (0x4)

.text           0x08000190     0xc718
                0x08000190                        . = ALIGN (0x4)
 *(.text)
 .text          0x08000190       0x94 CMakeFiles/new_build.elf.dir/Middlewares/Third_Party/SystemView/SEGGER/SEGGER_RTT_ASM_ARMv7M.s.obj
                0x08000190                SEGGER_RTT_ASM_WriteSkipNoLock
 .text          0x08000224       0x14 /home/keten/arm-gnu-toolchain/arm-gnu-toolchain-13.2.Rel1-x86_64-arm-none-eabi/bin/../lib/gcc/arm-none-eabi/13.2.1/../../../../arm-none-eabi/lib/thumb/v7e-m+fp/hard/libc_nano.a(libc_a-strcmp.o)
                0x08000224                strcmp
 .text          0x08000238       0x10 /home/keten/arm-gnu-toolchain/arm-gnu-toolchain-13.2.Rel1-x86_64-arm-none-eabi/bin/../lib/gcc/arm-none-eabi/13.2.1/../../../../arm-none-eabi/lib/thumb/v7e-m+fp/hard/libc_nano.a(libc_a-strlen.o)
                0x08000238                strlen
 .text          0x08000248      0x378 /home/keten/arm-gnu-toolchain/arm-gnu-toolchain-13.2.Rel1-x86_64-arm-none-eabi/bin/../lib/gcc/arm-none-eabi/13.2.1/thumb/v7e-m+fp/hard/libgcc.a(_arm_addsubdf3.o)
                0x08000248                __aeabi_drsub
                0x08000250                __aeabi_dsub
                0x08000250                __subdf3
                0x08000254                __adddf3
                0x08000254                __aeabi_dadd
                0x080004cc                __aeabi_ui2d
                0x080004cc                __floatunsidf
                0x080004ec                __floatsidf
                0x080004ec                __aeabi_i2d
                0x08000510                __extendsfdf2
                0x08000510                __aeabi_f2d
                0x08000554                __aeabi_ul2d
                0x08000554                __floatundidf
                0x08000564                __floatdidf
                0x08000564                __aeabi_l2d
 .text          0x080005c0      0x424 /home/keten/arm-gnu-toolchain/arm-gnu-toolchain-13.2.Rel1-x86_64-arm-none-eabi/bin/../lib/gcc/arm-none-eabi/13.2.1/thumb/v7e-m+fp/hard/libgcc.a(_arm_muldivdf3.o)
                0x080005c0                __aeabi_dmul
                0x080005c0                __muldf3
                0x08000814                __aeabi_ddiv
                0x08000814                __divdf3
 .text          0x080009e4       0xa0 /home/keten/arm-gnu-toolchain/arm-gnu-toolchain-13.2.Rel1-x86_64-arm-none-eabi/bin/../lib/gcc/arm-none-eabi/13.2.1/thumb/v7e-m+fp/hard/libgcc.a(_arm_truncdfsf2.o)
                0x080009e4                __aeabi_d2f
                0x080009e4                __truncdfsf2
 .text          0x08000a84       0x30 /home/keten/arm-gnu-toolchain/arm-gnu-toolchain-13.2.Rel1-x86_64-arm-none-eabi/bin/../lib/gcc/arm-none-eabi/13.2.1/thumb/v7e-m+fp/hard/libgcc.a(_aeabi_uldivmod.o)
                0x08000a84                __aeabi_uldivmod
 .text          0x08000ab4      0x1ac /home/keten/arm-gnu-toolchain/arm-gnu-toolchain-13.2.Rel1-x86_64-arm-none-eabi/bin/../lib/gcc/arm-none-eabi/13.2.1/thumb/v7e-m+fp/hard/libgcc.a(libunwind.o)
                0x08000ab4                __restore_core_regs
                0x08000ab4                restore_core_regs
                0x08000acc                __gnu_Unwind_Restore_VFP
                0x08000ad4                __gnu_Unwind_Save_VFP
                0x08000adc                __gnu_Unwind_Restore_VFP_D
                0x08000ae4                __gnu_Unwind_Save_VFP_D
                0x08000aec                __gnu_Unwind_Restore_VFP_D_16_to_31
                0x08000af4                __gnu_Unwind_Save_VFP_D_16_to_31
                0x08000afc                __gnu_Unwind_Restore_WMMXD
                0x08000b40                __gnu_Unwind_Save_WMMXD
                0x08000b84                __gnu_Unwind_Restore_WMMXC
                0x08000b98                __gnu_Unwind_Save_WMMXC
                0x08000bac                ___Unwind_RaiseException
                0x08000bac                _Unwind_RaiseException
                0x08000bd0                ___Unwind_Resume
                0x08000bd0                _Unwind_Resume
                0x08000bf4                _Unwind_Resume_or_Rethrow
                0x08000bf4                ___Unwind_Resume_or_Rethrow
                0x08000c18                ___Unwind_ForcedUnwind
                0x08000c18                _Unwind_ForcedUnwind
                0x08000c3c                _Unwind_Backtrace
                0x08000c3c                ___Unwind_Backtrace
 .text          0x08000c60        0x4 /home/keten/arm-gnu-toolchain/arm-gnu-toolchain-13.2.Rel1-x86_64-arm-none-eabi/bin/../lib/gcc/arm-none-eabi/13.2.1/thumb/v7e-m+fp/hard/libgcc.a(_dvmd_tls.o)
                0x08000c60                __aeabi_ldiv0
                0x08000c60                __aeabi_idiv0
 *(.text*)
 .text.deregister_tm_clones
                0x08000c64       0x1c /home/keten/arm-gnu-toolchain/arm-gnu-toolchain-13.2.Rel1-x86_64-arm-none-eabi/bin/../lib/gcc/arm-none-eabi/13.2.1/thumb/v7e-m+fp/hard/crtbegin.o
 .text.register_tm_clones
                0x08000c80       0x24 /home/keten/arm-gnu-toolchain/arm-gnu-toolchain-13.2.Rel1-x86_64-arm-none-eabi/bin/../lib/gcc/arm-none-eabi/13.2.1/thumb/v7e-m+fp/hard/crtbegin.o
 .text.__do_global_dtors_aux
                0x08000ca4       0x28 /home/keten/arm-gnu-toolchain/arm-gnu-toolchain-13.2.Rel1-x86_64-arm-none-eabi/bin/../lib/gcc/arm-none-eabi/13.2.1/thumb/v7e-m+fp/hard/crtbegin.o
 .text.frame_dummy
                0x08000ccc       0x24 /home/keten/arm-gnu-toolchain/arm-gnu-toolchain-13.2.Rel1-x86_64-arm-none-eabi/bin/../lib/gcc/arm-none-eabi/13.2.1/thumb/v7e-m+fp/hard/crtbegin.o
 .text._ZN7Chassis31Chassis_TrackingController_InitEv
                0x08000cf0        0x2 CMakeFiles/new_build.elf.dir/App/chassis_task/Omni_Chassis.cpp.obj
                0x08000cf0                Chassis::Chassis_TrackingController_Init()
 *fill*         0x08000cf2        0x2 
 .text._ZN7Chassis29Kinematics_Inverse_ResolutionEj13Robot_Twist_t
                0x08000cf4       0x1c CMakeFiles/new_build.elf.dir/App/chassis_task/Omni_Chassis.cpp.obj
                0x08000cf4                Chassis::Kinematics_Inverse_Resolution(unsigned int, Robot_Twist_t)
 .text._ZN7Chassis29Kinematics_forward_ResolutionEv
                0x08000d10        0x2 CMakeFiles/new_build.elf.dir/App/chassis_task/Omni_Chassis.cpp.obj
                0x08000d10                Chassis::Kinematics_forward_Resolution()
 .text._ZN7Chassis27Dynamics_Inverse_ResolutionEv
                0x08000d12        0x2 CMakeFiles/new_build.elf.dir/App/chassis_task/Omni_Chassis.cpp.obj
                0x08000d12                Chassis::Dynamics_Inverse_Resolution()
 .text._ZN7Chassis21Keep_X_Moving_ControlEv
                0x08000d14        0x2 CMakeFiles/new_build.elf.dir/App/chassis_task/Omni_Chassis.cpp.obj
                0x08000d14                Chassis::Keep_X_Moving_Control()
 .text._ZN7Chassis21Keep_Y_Moving_ControlEv
                0x08000d16        0x2 CMakeFiles/new_build.elf.dir/App/chassis_task/Omni_Chassis.cpp.obj
                0x08000d16                Chassis::Keep_Y_Moving_Control()
 .text._ZN7ChassisD2Ev
                0x08000d18        0xc CMakeFiles/new_build.elf.dir/App/chassis_task/Omni_Chassis.cpp.obj
                0x08000d18                Chassis::~Chassis()
                0x08000d18                Chassis::~Chassis()
 .text._ZN12Omni_ChassisD2Ev
                0x08000d24       0x14 CMakeFiles/new_build.elf.dir/App/chassis_task/Omni_Chassis.cpp.obj
                0x08000d24                Omni_Chassis::~Omni_Chassis()
                0x08000d24                Omni_Chassis::~Omni_Chassis()
 .text._ZN12Omni_Chassis31Chassis_TrackingController_InitEv
                0x08000d38       0x24 CMakeFiles/new_build.elf.dir/App/chassis_task/Omni_Chassis.cpp.obj
                0x08000d38                Omni_Chassis::Chassis_TrackingController_Init()
 .text._ZN12Omni_Chassis29Kinematics_Inverse_ResolutionEj13Robot_Twist_t
                0x08000d5c      0x2e8 CMakeFiles/new_build.elf.dir/App/chassis_task/Omni_Chassis.cpp.obj
                0x08000d5c                Omni_Chassis::Kinematics_Inverse_Resolution(unsigned int, Robot_Twist_t)
 *fill*         0x08001044        0x4 
 .text._ZN12Omni_Chassis29Kinematics_forward_ResolutionEffff
                0x08001048      0x238 CMakeFiles/new_build.elf.dir/App/chassis_task/Omni_Chassis.cpp.obj
                0x08001048                Omni_Chassis::Kinematics_forward_Resolution(float, float, float, float)
 .text._ZN12Omni_Chassis27Dynamics_Inverse_ResolutionEv
                0x08001280      0x170 CMakeFiles/new_build.elf.dir/App/chassis_task/Omni_Chassis.cpp.obj
                0x08001280                Omni_Chassis::Dynamics_Inverse_Resolution()
 .text._ZN12Omni_ChassisD0Ev
                0x080013f0       0x20 CMakeFiles/new_build.elf.dir/App/chassis_task/Omni_Chassis.cpp.obj
                0x080013f0                Omni_Chassis::~Omni_Chassis()
 .text._ZN7ChassisD0Ev
                0x08001410       0x18 CMakeFiles/new_build.elf.dir/App/chassis_task/Omni_Chassis.cpp.obj
                0x08001410                Chassis::~Chassis()
 .text._ZN5Motor12update_angleEPh
                0x08001428        0x2 CMakeFiles/new_build.elf.dir/App/chassis_task/chassis_task.cpp.obj
                0x08001428                Motor::update_angle(unsigned char*)
 .text._ZN5Motor12update_speedEPh
                0x0800142a        0x2 CMakeFiles/new_build.elf.dir/App/chassis_task/chassis_task.cpp.obj
                0x0800142a                Motor::update_speed(unsigned char*)
 .text._ZN5Motor16update_speed_apsEv
                0x0800142c        0x2 CMakeFiles/new_build.elf.dir/App/chassis_task/chassis_task.cpp.obj
                0x0800142c                Motor::update_speed_aps()
 .text._ZN5Motor14update_currentEPh
                0x0800142e        0x2 CMakeFiles/new_build.elf.dir/App/chassis_task/chassis_task.cpp.obj
                0x0800142e                Motor::update_current(unsigned char*)
 .text._ZN5Motor18update_temperatureEPh
                0x08001430        0x2 CMakeFiles/new_build.elf.dir/App/chassis_task/chassis_task.cpp.obj
                0x08001430                Motor::update_temperature(unsigned char*)
 .text._ZN5Motor25update_motor_accelerationEv
                0x08001432        0x2 CMakeFiles/new_build.elf.dir/App/chassis_task/chassis_task.cpp.obj
                0x08001432                Motor::update_motor_acceleration()
 .text._ZN9RM_Common12update_angleEPh
                0x08001434       0xae CMakeFiles/new_build.elf.dir/App/chassis_task/chassis_task.cpp.obj
                0x08001434                RM_Common::update_angle(unsigned char*)
 .text._ZN9RM_Common12update_speedEPh
                0x080014e2       0x66 CMakeFiles/new_build.elf.dir/App/chassis_task/chassis_task.cpp.obj
                0x080014e2                RM_Common::update_speed(unsigned char*)
 .text._ZN9RM_Common16update_speed_apsEv
                0x08001548       0x3a CMakeFiles/new_build.elf.dir/App/chassis_task/chassis_task.cpp.obj
                0x08001548                RM_Common::update_speed_aps()
 .text._ZN9RM_Common14update_currentEPh
                0x08001582        0x8 CMakeFiles/new_build.elf.dir/App/chassis_task/chassis_task.cpp.obj
                0x08001582                RM_Common::update_current(unsigned char*)
 .text._ZN9RM_Common18update_temperatureEPh
                0x0800158a        0xa CMakeFiles/new_build.elf.dir/App/chassis_task/chassis_task.cpp.obj
                0x0800158a                RM_Common::update_temperature(unsigned char*)
 .text._ZN9RM_Common25update_motor_accelerationEv
                0x08001594       0x48 CMakeFiles/new_build.elf.dir/App/chassis_task/chassis_task.cpp.obj
                0x08001594                RM_Common::update_motor_acceleration()
 .text._ZN10Motor_C6206updateEPh
                0x080015dc       0x34 CMakeFiles/new_build.elf.dir/App/chassis_task/chassis_task.cpp.obj
                0x080015dc                Motor_C620::update(unsigned char*)
 .text._ZN10Motor_C62014aps_to_currentERf
                0x08001610       0x30 CMakeFiles/new_build.elf.dir/App/chassis_task/chassis_task.cpp.obj
                0x08001610                Motor_C620::aps_to_current(float&)
 .text._ZN10Motor_C620D2Ev
                0x08001640       0x1c CMakeFiles/new_build.elf.dir/App/chassis_task/chassis_task.cpp.obj
                0x08001640                Motor_C620::~Motor_C620()
                0x08001640                Motor_C620::~Motor_C620()
 .text.__tcf_0  0x0800165c       0x24 CMakeFiles/new_build.elf.dir/App/chassis_task/chassis_task.cpp.obj
 .text._ZN10Motor_C620D0Ev
                0x08001680       0x28 CMakeFiles/new_build.elf.dir/App/chassis_task/chassis_task.cpp.obj
                0x08001680                Motor_C620::~Motor_C620()
 .text._ZN5MotorC2EhRK17CAN_Rx_Instance_tRK17CAN_Tx_Instance_tRK23Motor_Control_Setting_tsh
                0x080016a8       0xe4 CMakeFiles/new_build.elf.dir/App/chassis_task/chassis_task.cpp.obj
                0x080016a8                Motor::Motor(unsigned char, CAN_Rx_Instance_t const&, CAN_Tx_Instance_t const&, Motor_Control_Setting_t const&, short, unsigned char)
                0x080016a8                Motor::Motor(unsigned char, CAN_Rx_Instance_t const&, CAN_Tx_Instance_t const&, Motor_Control_Setting_t const&, short, unsigned char)
 .text._ZN5Motor20MotorController_InitEv
                0x0800178c       0x24 CMakeFiles/new_build.elf.dir/App/chassis_task/chassis_task.cpp.obj
                0x0800178c                Motor::MotorController_Init()
 .text._ZNK9RM_Common13prepareCANMsgER17CAN_Tx_Instance_ts
                0x080017b0       0x30 CMakeFiles/new_build.elf.dir/App/chassis_task/chassis_task.cpp.obj
                0x080017b0                RM_Common::prepareCANMsg(CAN_Tx_Instance_t&, short) const
 .text._ZN9RM_Common14CanMsg_ProcessER17CAN_Tx_Instance_t
                0x080017e0       0x28 CMakeFiles/new_build.elf.dir/App/chassis_task/chassis_task.cpp.obj
                0x080017e0                RM_Common::CanMsg_Process(CAN_Tx_Instance_t&)
 .text._ZN10Motor_C620C2EhRK17CAN_Rx_Instance_tRK17CAN_Tx_Instance_tRK23Motor_Control_Setting_th
                0x08001808       0x50 CMakeFiles/new_build.elf.dir/App/chassis_task/chassis_task.cpp.obj
                0x08001808                Motor_C620::Motor_C620(unsigned char, CAN_Rx_Instance_t const&, CAN_Tx_Instance_t const&, Motor_Control_Setting_t const&, unsigned char)
                0x08001808                Motor_C620::Motor_C620(unsigned char, CAN_Rx_Instance_t const&, CAN_Tx_Instance_t const&, Motor_Control_Setting_t const&, unsigned char)
 .text._ZN7Chassis22Chassis_Subscribe_InitEv
                0x08001858       0x58 CMakeFiles/new_build.elf.dir/App/chassis_task/chassis_task.cpp.obj
                0x08001858                Chassis::Chassis_Subscribe_Init()
 .text._ZN7Chassis19Get_Current_PostureEv
                0x080018b0       0x26 CMakeFiles/new_build.elf.dir/App/chassis_task/chassis_task.cpp.obj
                0x080018b0                Chassis::Get_Current_Posture()
 *fill*         0x080018d6        0x2 
 .text._ZN7Chassis23RoboSpeed_To_WorldSpeedEv
                0x080018d8       0x70 CMakeFiles/new_build.elf.dir/App/chassis_task/chassis_task.cpp.obj
                0x080018d8                Chassis::RoboSpeed_To_WorldSpeed()
 .text._ZN7Chassis29RefWorldSpeed_To_RefRoboSpeedEv
                0x08001948       0x70 CMakeFiles/new_build.elf.dir/App/chassis_task/chassis_task.cpp.obj
                0x08001948                Chassis::RefWorldSpeed_To_RefRoboSpeed()
 .text._ZN12Omni_ChassisC2Ejff
                0x080019b8       0x70 CMakeFiles/new_build.elf.dir/App/chassis_task/chassis_task.cpp.obj
                0x080019b8                Omni_Chassis::Omni_Chassis(unsigned int, float, float)
                0x080019b8                Omni_Chassis::Omni_Chassis(unsigned int, float, float)
 .text._Z41__static_initialization_and_destruction_0v
                0x08001a28       0xd0 CMakeFiles/new_build.elf.dir/App/chassis_task/chassis_task.cpp.obj
 .text.Chassis_Init
                0x08001af8      0x158 CMakeFiles/new_build.elf.dir/App/chassis_task/chassis_task.cpp.obj
                0x08001af8                Chassis_Init
 .text._Z14Motor_SendMsgsI10Motor_C620Li4EEvRAT0__T_
                0x08001c50       0x68 CMakeFiles/new_build.elf.dir/App/chassis_task/chassis_task.cpp.obj
                0x08001c50                void Motor_SendMsgs<Motor_C620, 4>(Motor_C620 (&) [4])
 .text._Z7ChassisR12Omni_Chassis
                0x08001cb8      0x11c CMakeFiles/new_build.elf.dir/App/chassis_task/chassis_task.cpp.obj
                0x08001cb8                Chassis(Omni_Chassis&)
 .text.Chassis_Task
                0x08001dd4       0x94 CMakeFiles/new_build.elf.dir/App/chassis_task/chassis_task.cpp.obj
                0x08001dd4                Chassis_Task
 .text._GLOBAL__sub_I_Chassis_TaskHandle
                0x08001e68        0x8 CMakeFiles/new_build.elf.dir/App/chassis_task/chassis_task.cpp.obj
 .text.Control_Task
                0x08001e70       0x2c CMakeFiles/new_build.elf.dir/App/control_task/control_task.cpp.obj
                0x08001e70                Control_Task
 .text.Debug_Task
                0x08001e9c        0xa CMakeFiles/new_build.elf.dir/App/debug_task/debug_task.cpp.obj
                0x08001e9c                Debug_Task
 *fill*         0x08001ea6        0x2 
 .text.Bsp_Init
                0x08001ea8       0x3c CMakeFiles/new_build.elf.dir/App/robot.c.obj
                0x08001ea8                Bsp_Init
 .text.osTaskInit
                0x08001ee4      0x11c CMakeFiles/new_build.elf.dir/App/robot.c.obj
                0x08001ee4                osTaskInit
 .text.Robot_Init
                0x08002000       0x3c CMakeFiles/new_build.elf.dir/App/robot.c.obj
                0x08002000                Robot_Init
 .text.Common_Service_Init
                0x0800203c       0x30 CMakeFiles/new_build.elf.dir/App/robot_com/com_config.cpp.obj
                0x0800203c                Common_Service_Init
 .text.CAN1_Rx_Callback
                0x0800206c       0x5c CMakeFiles/new_build.elf.dir/App/robot_com/com_config.cpp.obj
                0x0800206c                CAN1_Rx_Callback
 .text.CAN2_Rx_Callback
                0x080020c8        0x2 CMakeFiles/new_build.elf.dir/App/robot_com/com_config.cpp.obj
                0x080020c8                CAN2_Rx_Callback
 *fill*         0x080020ca        0x2 
 .text.CAN1_Send_Task
                0x080020cc       0x48 CMakeFiles/new_build.elf.dir/App/robot_com/com_config.cpp.obj
                0x080020cc                CAN1_Send_Task
 .text.CAN2_Send_Task
                0x08002114       0x48 CMakeFiles/new_build.elf.dir/App/robot_com/com_config.cpp.obj
                0x08002114                CAN2_Send_Task
 .text.action_iwdg_callback
                0x0800215c       0x3c CMakeFiles/new_build.elf.dir/App/robot_ins/robot_ins.c.obj
                0x0800215c                action_iwdg_callback
 .text.ins_Task
                0x08002198      0x128 CMakeFiles/new_build.elf.dir/App/robot_ins/robot_ins.c.obj
                0x08002198                ins_Task
 .text.CAN_Init
                0x080022c0       0x88 CMakeFiles/new_build.elf.dir/Bsp/can/bsp_can.c.obj
                0x080022c0                CAN_Init
 .text.CAN_Filter_Init
                0x08002348       0x7c CMakeFiles/new_build.elf.dir/Bsp/can/bsp_can.c.obj
                0x08002348                CAN_Filter_Init
 .text.HAL_CAN_RxFifo0MsgPendingCallback
                0x080023c4       0x68 CMakeFiles/new_build.elf.dir/Bsp/can/bsp_can.c.obj
                0x080023c4                HAL_CAN_RxFifo0MsgPendingCallback
 .text.HAL_CAN_RxFifo1MsgPendingCallback
                0x0800242c       0x68 CMakeFiles/new_build.elf.dir/Bsp/can/bsp_can.c.obj
                0x0800242c                HAL_CAN_RxFifo1MsgPendingCallback
 .text.CAN_Transmit_ExtId
                0x08002494       0x2e CMakeFiles/new_build.elf.dir/Bsp/can/bsp_can.c.obj
                0x08002494                CAN_Transmit_ExtId
 .text.CAN_Transmit_StdID
                0x080024c2       0x2c CMakeFiles/new_build.elf.dir/Bsp/can/bsp_can.c.obj
                0x080024c2                CAN_Transmit_StdID
 *fill*         0x080024ee        0x2 
 .text.DWT_CNT_Update
                0x080024f0       0x4c CMakeFiles/new_build.elf.dir/Bsp/dwt/bsp_dwt.c.obj
 .text.DWT_Init
                0x0800253c       0x70 CMakeFiles/new_build.elf.dir/Bsp/dwt/bsp_dwt.c.obj
                0x0800253c                DWT_Init
 .text.DWT_GetDeltaT
                0x080025ac       0x3c CMakeFiles/new_build.elf.dir/Bsp/dwt/bsp_dwt.c.obj
                0x080025ac                DWT_GetDeltaT
 .text.DWT_SysTimeUpdate
                0x080025e8       0xd4 CMakeFiles/new_build.elf.dir/Bsp/dwt/bsp_dwt.c.obj
                0x080025e8                DWT_SysTimeUpdate
 .text.DWT_GetTimeline_us
                0x080026bc       0x2c CMakeFiles/new_build.elf.dir/Bsp/dwt/bsp_dwt.c.obj
                0x080026bc                DWT_GetTimeline_us
 .text.Hal_Toogle_io
                0x080026e8        0xa CMakeFiles/new_build.elf.dir/Bsp/gpio/bsp_gpio.c.obj
 .text.Hal_Write_io
                0x080026f2        0xa CMakeFiles/new_build.elf.dir/Bsp/gpio/bsp_gpio.c.obj
 .text.Hal_Read_io
                0x080026fc        0xa CMakeFiles/new_build.elf.dir/Bsp/gpio/bsp_gpio.c.obj
 *fill*         0x08002706        0x2 
 .text.GPIO_Pin_Register
                0x08002708       0x54 CMakeFiles/new_build.elf.dir/Bsp/gpio/bsp_gpio.c.obj
                0x08002708                GPIO_Pin_Register
 .text.HAL_GPIO_EXTI_Callback
                0x0800275c       0x30 CMakeFiles/new_build.elf.dir/Bsp/gpio/bsp_gpio.c.obj
                0x0800275c                HAL_GPIO_EXTI_Callback
 .text.BSPLogInit
                0x0800278c        0x8 CMakeFiles/new_build.elf.dir/Bsp/log/bsp_log.c.obj
                0x0800278c                BSPLogInit
 .text.Uart_Rx_Idle_Callback
                0x08002794       0x54 CMakeFiles/new_build.elf.dir/Bsp/usart/bsp_usart.c.obj
 .text.Uart_Deinit
                0x080027e8       0x20 CMakeFiles/new_build.elf.dir/Bsp/usart/bsp_usart.c.obj
 .text.Uart_UnRegister
                0x08002808       0x6c CMakeFiles/new_build.elf.dir/Bsp/usart/bsp_usart.c.obj
                0x08002808                Uart_UnRegister
 .text.Uart_Register
                0x08002874       0xa8 CMakeFiles/new_build.elf.dir/Bsp/usart/bsp_usart.c.obj
                0x08002874                Uart_Register
 .text.Uart_Receive_Handler
                0x0800291c       0x20 CMakeFiles/new_build.elf.dir/Bsp/usart/bsp_usart.c.obj
                0x0800291c                Uart_Receive_Handler
 .text.MX_CAN1_Init
                0x0800293c       0x40 CMakeFiles/new_build.elf.dir/Core/Src/can.c.obj
                0x0800293c                MX_CAN1_Init
 .text.MX_CAN2_Init
                0x0800297c       0x40 CMakeFiles/new_build.elf.dir/Core/Src/can.c.obj
                0x0800297c                MX_CAN2_Init
 .text.HAL_CAN_MspInit
                0x080029bc      0x148 CMakeFiles/new_build.elf.dir/Core/Src/can.c.obj
                0x080029bc                HAL_CAN_MspInit
 .text.MX_DMA_Init
                0x08002b04       0x88 CMakeFiles/new_build.elf.dir/Core/Src/dma.c.obj
                0x08002b04                MX_DMA_Init
 .text.StartDefaultTask
                0x08002b8c       0x10 CMakeFiles/new_build.elf.dir/Core/Src/freertos.c.obj
                0x08002b8c                StartDefaultTask
 .text.MX_FREERTOS_Init
                0x08002b9c       0x20 CMakeFiles/new_build.elf.dir/Core/Src/freertos.c.obj
                0x08002b9c                MX_FREERTOS_Init
 .text.MX_GPIO_Init
                0x08002bbc      0x138 CMakeFiles/new_build.elf.dir/Core/Src/gpio.c.obj
                0x08002bbc                MX_GPIO_Init
 .text.HAL_TIM_PeriodElapsedCallback
                0x08002cf4       0x12 CMakeFiles/new_build.elf.dir/Core/Src/main.c.obj
                0x08002cf4                HAL_TIM_PeriodElapsedCallback
 .text.Error_Handler
                0x08002d06        0x4 CMakeFiles/new_build.elf.dir/Core/Src/main.c.obj
                0x08002d06                Error_Handler
 *fill*         0x08002d0a        0x2 
 .text.SystemClock_Config
                0x08002d0c       0xa8 CMakeFiles/new_build.elf.dir/Core/Src/main.c.obj
                0x08002d0c                SystemClock_Config
 .text.main     0x08002db4       0x44 CMakeFiles/new_build.elf.dir/Core/Src/main.c.obj
                0x08002db4                main
 .text.assert_failed
                0x08002df8        0x2 CMakeFiles/new_build.elf.dir/Core/Src/main.c.obj
                0x08002df8                assert_failed
 *fill*         0x08002dfa        0x2 
 .text.HAL_MspInit
                0x08002dfc       0x44 CMakeFiles/new_build.elf.dir/Core/Src/stm32f4xx_hal_msp.c.obj
                0x08002dfc                HAL_MspInit
 .text.HAL_InitTick
                0x08002e40       0xa4 CMakeFiles/new_build.elf.dir/Core/Src/stm32f4xx_hal_timebase_tim.c.obj
                0x08002e40                HAL_InitTick
 .text.NMI_Handler
                0x08002ee4        0x2 CMakeFiles/new_build.elf.dir/Core/Src/stm32f4xx_it.c.obj
                0x08002ee4                NMI_Handler
 .text.HardFault_Handler
                0x08002ee6        0x2 CMakeFiles/new_build.elf.dir/Core/Src/stm32f4xx_it.c.obj
                0x08002ee6                HardFault_Handler
 .text.MemManage_Handler
                0x08002ee8        0x2 CMakeFiles/new_build.elf.dir/Core/Src/stm32f4xx_it.c.obj
                0x08002ee8                MemManage_Handler
 .text.BusFault_Handler
                0x08002eea        0x2 CMakeFiles/new_build.elf.dir/Core/Src/stm32f4xx_it.c.obj
                0x08002eea                BusFault_Handler
 .text.UsageFault_Handler
                0x08002eec        0x2 CMakeFiles/new_build.elf.dir/Core/Src/stm32f4xx_it.c.obj
                0x08002eec                UsageFault_Handler
 .text.DebugMon_Handler
                0x08002eee        0x2 CMakeFiles/new_build.elf.dir/Core/Src/stm32f4xx_it.c.obj
                0x08002eee                DebugMon_Handler
 .text.EXTI1_IRQHandler
                0x08002ef0        0xa CMakeFiles/new_build.elf.dir/Core/Src/stm32f4xx_it.c.obj
                0x08002ef0                EXTI1_IRQHandler
 *fill*         0x08002efa        0x2 
 .text.DMA1_Stream2_IRQHandler
                0x08002efc       0x10 CMakeFiles/new_build.elf.dir/Core/Src/stm32f4xx_it.c.obj
                0x08002efc                DMA1_Stream2_IRQHandler
 .text.DMA1_Stream5_IRQHandler
                0x08002f0c       0x10 CMakeFiles/new_build.elf.dir/Core/Src/stm32f4xx_it.c.obj
                0x08002f0c                DMA1_Stream5_IRQHandler
 .text.DMA1_Stream6_IRQHandler
                0x08002f1c       0x10 CMakeFiles/new_build.elf.dir/Core/Src/stm32f4xx_it.c.obj
                0x08002f1c                DMA1_Stream6_IRQHandler
 .text.CAN1_RX0_IRQHandler
                0x08002f2c       0x10 CMakeFiles/new_build.elf.dir/Core/Src/stm32f4xx_it.c.obj
                0x08002f2c                CAN1_RX0_IRQHandler
 .text.CAN1_RX1_IRQHandler
                0x08002f3c       0x10 CMakeFiles/new_build.elf.dir/Core/Src/stm32f4xx_it.c.obj
                0x08002f3c                CAN1_RX1_IRQHandler
 .text.TIM2_IRQHandler
                0x08002f4c       0x10 CMakeFiles/new_build.elf.dir/Core/Src/stm32f4xx_it.c.obj
                0x08002f4c                TIM2_IRQHandler
 .text.USART1_IRQHandler
                0x08002f5c       0x1c CMakeFiles/new_build.elf.dir/Core/Src/stm32f4xx_it.c.obj
                0x08002f5c                USART1_IRQHandler
 .text.USART2_IRQHandler
                0x08002f78       0x10 CMakeFiles/new_build.elf.dir/Core/Src/stm32f4xx_it.c.obj
                0x08002f78                USART2_IRQHandler
 .text.UART4_IRQHandler
                0x08002f88       0x1c CMakeFiles/new_build.elf.dir/Core/Src/stm32f4xx_it.c.obj
                0x08002f88                UART4_IRQHandler
 .text.DMA2_Stream2_IRQHandler
                0x08002fa4       0x10 CMakeFiles/new_build.elf.dir/Core/Src/stm32f4xx_it.c.obj
                0x08002fa4                DMA2_Stream2_IRQHandler
 .text.CAN2_RX0_IRQHandler
                0x08002fb4       0x10 CMakeFiles/new_build.elf.dir/Core/Src/stm32f4xx_it.c.obj
                0x08002fb4                CAN2_RX0_IRQHandler
 .text.CAN2_RX1_IRQHandler
                0x08002fc4       0x10 CMakeFiles/new_build.elf.dir/Core/Src/stm32f4xx_it.c.obj
                0x08002fc4                CAN2_RX1_IRQHandler
 .text.DMA2_Stream7_IRQHandler
                0x08002fd4       0x10 CMakeFiles/new_build.elf.dir/Core/Src/stm32f4xx_it.c.obj
                0x08002fd4                DMA2_Stream7_IRQHandler
 .text._getpid  0x08002fe4        0x4 CMakeFiles/new_build.elf.dir/Core/Src/syscalls.c.obj
                0x08002fe4                _getpid
 .text._kill    0x08002fe8       0x10 CMakeFiles/new_build.elf.dir/Core/Src/syscalls.c.obj
                0x08002fe8                _kill
 .text._exit    0x08002ff8        0xc CMakeFiles/new_build.elf.dir/Core/Src/syscalls.c.obj
                0x08002ff8                _exit
 .text._sbrk    0x08003004       0x48 CMakeFiles/new_build.elf.dir/Core/Src/sysmem.c.obj
                0x08003004                _sbrk
 .text.SystemInit
                0x0800304c       0x14 CMakeFiles/new_build.elf.dir/Core/Src/system_stm32f4xx.c.obj
                0x0800304c                SystemInit
 .text.MX_UART4_Init
                0x08003060       0x34 CMakeFiles/new_build.elf.dir/Core/Src/usart.c.obj
                0x08003060                MX_UART4_Init
 .text.MX_USART1_UART_Init
                0x08003094       0x34 CMakeFiles/new_build.elf.dir/Core/Src/usart.c.obj
                0x08003094                MX_USART1_UART_Init
 .text.MX_USART2_UART_Init
                0x080030c8       0x34 CMakeFiles/new_build.elf.dir/Core/Src/usart.c.obj
                0x080030c8                MX_USART2_UART_Init
 .text.HAL_UART_MspInit
                0x080030fc      0x288 CMakeFiles/new_build.elf.dir/Core/Src/usart.c.obj
                0x080030fc                HAL_UART_MspInit
 .text.HAL_Init
                0x08003384       0x34 CMakeFiles/new_build.elf.dir/Drivers/STM32F4xx_HAL_Driver/Src/stm32f4xx_hal.c.obj
                0x08003384                HAL_Init
 .text.HAL_IncTick
                0x080033b8       0x18 CMakeFiles/new_build.elf.dir/Drivers/STM32F4xx_HAL_Driver/Src/stm32f4xx_hal.c.obj
                0x080033b8                HAL_IncTick
 .text.HAL_GetTick
                0x080033d0        0xc CMakeFiles/new_build.elf.dir/Drivers/STM32F4xx_HAL_Driver/Src/stm32f4xx_hal.c.obj
                0x080033d0                HAL_GetTick
 .text.HAL_CAN_Init
                0x080033dc      0x2ec CMakeFiles/new_build.elf.dir/Drivers/STM32F4xx_HAL_Driver/Src/stm32f4xx_hal_can.c.obj
                0x080033dc                HAL_CAN_Init
 .text.HAL_CAN_ConfigFilter
                0x080036c8      0x208 CMakeFiles/new_build.elf.dir/Drivers/STM32F4xx_HAL_Driver/Src/stm32f4xx_hal_can.c.obj
                0x080036c8                HAL_CAN_ConfigFilter
 .text.HAL_CAN_Start
                0x080038d0       0x5c CMakeFiles/new_build.elf.dir/Drivers/STM32F4xx_HAL_Driver/Src/stm32f4xx_hal_can.c.obj
                0x080038d0                HAL_CAN_Start
 .text.HAL_CAN_AddTxMessage
                0x0800392c      0x16c CMakeFiles/new_build.elf.dir/Drivers/STM32F4xx_HAL_Driver/Src/stm32f4xx_hal_can.c.obj
                0x0800392c                HAL_CAN_AddTxMessage
 .text.HAL_CAN_GetTxMailboxesFreeLevel
                0x08003a98       0x32 CMakeFiles/new_build.elf.dir/Drivers/STM32F4xx_HAL_Driver/Src/stm32f4xx_hal_can.c.obj
                0x08003a98                HAL_CAN_GetTxMailboxesFreeLevel
 *fill*         0x08003aca        0x2 
 .text.HAL_CAN_GetRxMessage
                0x08003acc      0x190 CMakeFiles/new_build.elf.dir/Drivers/STM32F4xx_HAL_Driver/Src/stm32f4xx_hal_can.c.obj
                0x08003acc                HAL_CAN_GetRxMessage
 .text.HAL_CAN_ActivateNotification
                0x08003c5c       0x48 CMakeFiles/new_build.elf.dir/Drivers/STM32F4xx_HAL_Driver/Src/stm32f4xx_hal_can.c.obj
                0x08003c5c                HAL_CAN_ActivateNotification
 .text.HAL_CAN_TxMailbox0CompleteCallback
                0x08003ca4        0x2 CMakeFiles/new_build.elf.dir/Drivers/STM32F4xx_HAL_Driver/Src/stm32f4xx_hal_can.c.obj
                0x08003ca4                HAL_CAN_TxMailbox0CompleteCallback
 .text.HAL_CAN_TxMailbox1CompleteCallback
                0x08003ca6        0x2 CMakeFiles/new_build.elf.dir/Drivers/STM32F4xx_HAL_Driver/Src/stm32f4xx_hal_can.c.obj
                0x08003ca6                HAL_CAN_TxMailbox1CompleteCallback
 .text.HAL_CAN_TxMailbox2CompleteCallback
                0x08003ca8        0x2 CMakeFiles/new_build.elf.dir/Drivers/STM32F4xx_HAL_Driver/Src/stm32f4xx_hal_can.c.obj
                0x08003ca8                HAL_CAN_TxMailbox2CompleteCallback
 .text.HAL_CAN_TxMailbox0AbortCallback
                0x08003caa        0x2 CMakeFiles/new_build.elf.dir/Drivers/STM32F4xx_HAL_Driver/Src/stm32f4xx_hal_can.c.obj
                0x08003caa                HAL_CAN_TxMailbox0AbortCallback
 .text.HAL_CAN_TxMailbox1AbortCallback
                0x08003cac        0x2 CMakeFiles/new_build.elf.dir/Drivers/STM32F4xx_HAL_Driver/Src/stm32f4xx_hal_can.c.obj
                0x08003cac                HAL_CAN_TxMailbox1AbortCallback
 .text.HAL_CAN_TxMailbox2AbortCallback
                0x08003cae        0x2 CMakeFiles/new_build.elf.dir/Drivers/STM32F4xx_HAL_Driver/Src/stm32f4xx_hal_can.c.obj
                0x08003cae                HAL_CAN_TxMailbox2AbortCallback
 .text.HAL_CAN_RxFifo0FullCallback
                0x08003cb0        0x2 CMakeFiles/new_build.elf.dir/Drivers/STM32F4xx_HAL_Driver/Src/stm32f4xx_hal_can.c.obj
                0x08003cb0                HAL_CAN_RxFifo0FullCallback
 .text.HAL_CAN_RxFifo1FullCallback
                0x08003cb2        0x2 CMakeFiles/new_build.elf.dir/Drivers/STM32F4xx_HAL_Driver/Src/stm32f4xx_hal_can.c.obj
                0x08003cb2                HAL_CAN_RxFifo1FullCallback
 .text.HAL_CAN_SleepCallback
                0x08003cb4        0x2 CMakeFiles/new_build.elf.dir/Drivers/STM32F4xx_HAL_Driver/Src/stm32f4xx_hal_can.c.obj
                0x08003cb4                HAL_CAN_SleepCallback
 .text.HAL_CAN_WakeUpFromRxMsgCallback
                0x08003cb6        0x2 CMakeFiles/new_build.elf.dir/Drivers/STM32F4xx_HAL_Driver/Src/stm32f4xx_hal_can.c.obj
                0x08003cb6                HAL_CAN_WakeUpFromRxMsgCallback
 .text.HAL_CAN_ErrorCallback
                0x08003cb8        0x2 CMakeFiles/new_build.elf.dir/Drivers/STM32F4xx_HAL_Driver/Src/stm32f4xx_hal_can.c.obj
                0x08003cb8                HAL_CAN_ErrorCallback
 .text.HAL_CAN_IRQHandler
                0x08003cba      0x250 CMakeFiles/new_build.elf.dir/Drivers/STM32F4xx_HAL_Driver/Src/stm32f4xx_hal_can.c.obj
                0x08003cba                HAL_CAN_IRQHandler
 *fill*         0x08003f0a        0x2 
 .text.__NVIC_EnableIRQ
                0x08003f0c       0x1c CMakeFiles/new_build.elf.dir/Drivers/STM32F4xx_HAL_Driver/Src/stm32f4xx_hal_cortex.c.obj
 .text.__NVIC_SetPriority
                0x08003f28       0x28 CMakeFiles/new_build.elf.dir/Drivers/STM32F4xx_HAL_Driver/Src/stm32f4xx_hal_cortex.c.obj
 .text.NVIC_EncodePriority
                0x08003f50       0x3e CMakeFiles/new_build.elf.dir/Drivers/STM32F4xx_HAL_Driver/Src/stm32f4xx_hal_cortex.c.obj
 *fill*         0x08003f8e        0x2 
 .text.HAL_NVIC_SetPriorityGrouping
                0x08003f90       0x3c CMakeFiles/new_build.elf.dir/Drivers/STM32F4xx_HAL_Driver/Src/stm32f4xx_hal_cortex.c.obj
                0x08003f90                HAL_NVIC_SetPriorityGrouping
 .text.HAL_NVIC_SetPriority
                0x08003fcc       0x48 CMakeFiles/new_build.elf.dir/Drivers/STM32F4xx_HAL_Driver/Src/stm32f4xx_hal_cortex.c.obj
                0x08003fcc                HAL_NVIC_SetPriority
 .text.HAL_NVIC_EnableIRQ
                0x08004014       0x1c CMakeFiles/new_build.elf.dir/Drivers/STM32F4xx_HAL_Driver/Src/stm32f4xx_hal_cortex.c.obj
                0x08004014                HAL_NVIC_EnableIRQ
 .text.DMA_SetConfig
                0x08004030       0x2c CMakeFiles/new_build.elf.dir/Drivers/STM32F4xx_HAL_Driver/Src/stm32f4xx_hal_dma.c.obj
 .text.DMA_CalcBaseAndBitshift
                0x0800405c       0x3c CMakeFiles/new_build.elf.dir/Drivers/STM32F4xx_HAL_Driver/Src/stm32f4xx_hal_dma.c.obj
 .text.DMA_CheckFifoParam
                0x08004098       0x8e CMakeFiles/new_build.elf.dir/Drivers/STM32F4xx_HAL_Driver/Src/stm32f4xx_hal_dma.c.obj
 *fill*         0x08004126        0x2 
 .text.HAL_DMA_Init
                0x08004128      0x290 CMakeFiles/new_build.elf.dir/Drivers/STM32F4xx_HAL_Driver/Src/stm32f4xx_hal_dma.c.obj
                0x08004128                HAL_DMA_Init
 .text.HAL_DMA_Start_IT
                0x080043b8       0x98 CMakeFiles/new_build.elf.dir/Drivers/STM32F4xx_HAL_Driver/Src/stm32f4xx_hal_dma.c.obj
                0x080043b8                HAL_DMA_Start_IT
 .text.HAL_DMA_Abort
                0x08004450       0x94 CMakeFiles/new_build.elf.dir/Drivers/STM32F4xx_HAL_Driver/Src/stm32f4xx_hal_dma.c.obj
                0x08004450                HAL_DMA_Abort
 .text.HAL_DMA_Abort_IT
                0x080044e4       0x26 CMakeFiles/new_build.elf.dir/Drivers/STM32F4xx_HAL_Driver/Src/stm32f4xx_hal_dma.c.obj
                0x080044e4                HAL_DMA_Abort_IT
 *fill*         0x0800450a        0x2 
 .text.HAL_DMA_IRQHandler
                0x0800450c      0x1dc CMakeFiles/new_build.elf.dir/Drivers/STM32F4xx_HAL_Driver/Src/stm32f4xx_hal_dma.c.obj
                0x0800450c                HAL_DMA_IRQHandler
 .text.HAL_GPIO_Init
                0x080046e8      0x2b4 CMakeFiles/new_build.elf.dir/Drivers/STM32F4xx_HAL_Driver/Src/stm32f4xx_hal_gpio.c.obj
                0x080046e8                HAL_GPIO_Init
 .text.HAL_GPIO_ReadPin
                0x0800499c       0x28 CMakeFiles/new_build.elf.dir/Drivers/STM32F4xx_HAL_Driver/Src/stm32f4xx_hal_gpio.c.obj
                0x0800499c                HAL_GPIO_ReadPin
 .text.HAL_GPIO_WritePin
                0x080049c4       0x38 CMakeFiles/new_build.elf.dir/Drivers/STM32F4xx_HAL_Driver/Src/stm32f4xx_hal_gpio.c.obj
                0x080049c4                HAL_GPIO_WritePin
 .text.HAL_GPIO_TogglePin
                0x080049fc       0x2c CMakeFiles/new_build.elf.dir/Drivers/STM32F4xx_HAL_Driver/Src/stm32f4xx_hal_gpio.c.obj
                0x080049fc                HAL_GPIO_TogglePin
 .text.HAL_GPIO_EXTI_IRQHandler
                0x08004a28       0x1c CMakeFiles/new_build.elf.dir/Drivers/STM32F4xx_HAL_Driver/Src/stm32f4xx_hal_gpio.c.obj
                0x08004a28                HAL_GPIO_EXTI_IRQHandler
 .text.HAL_RCC_OscConfig
                0x08004a44      0x4fc CMakeFiles/new_build.elf.dir/Drivers/STM32F4xx_HAL_Driver/Src/stm32f4xx_hal_rcc.c.obj
                0x08004a44                HAL_RCC_OscConfig
 .text.HAL_RCC_GetSysClockFreq
                0x08004f40       0xdc CMakeFiles/new_build.elf.dir/Drivers/STM32F4xx_HAL_Driver/Src/stm32f4xx_hal_rcc.c.obj
                0x08004f40                HAL_RCC_GetSysClockFreq
 .text.HAL_RCC_ClockConfig
                0x0800501c      0x224 CMakeFiles/new_build.elf.dir/Drivers/STM32F4xx_HAL_Driver/Src/stm32f4xx_hal_rcc.c.obj
                0x0800501c                HAL_RCC_ClockConfig
 .text.HAL_RCC_GetHCLKFreq
                0x08005240        0xc CMakeFiles/new_build.elf.dir/Drivers/STM32F4xx_HAL_Driver/Src/stm32f4xx_hal_rcc.c.obj
                0x08005240                HAL_RCC_GetHCLKFreq
 .text.HAL_RCC_GetPCLK1Freq
                0x0800524c       0x20 CMakeFiles/new_build.elf.dir/Drivers/STM32F4xx_HAL_Driver/Src/stm32f4xx_hal_rcc.c.obj
                0x0800524c                HAL_RCC_GetPCLK1Freq
 .text.HAL_RCC_GetPCLK2Freq
                0x0800526c       0x20 CMakeFiles/new_build.elf.dir/Drivers/STM32F4xx_HAL_Driver/Src/stm32f4xx_hal_rcc.c.obj
                0x0800526c                HAL_RCC_GetPCLK2Freq
 .text.HAL_RCC_GetClockConfig
                0x0800528c       0x3c CMakeFiles/new_build.elf.dir/Drivers/STM32F4xx_HAL_Driver/Src/stm32f4xx_hal_rcc.c.obj
                0x0800528c                HAL_RCC_GetClockConfig
 .text.HAL_TIM_Base_MspInit
                0x080052c8        0x2 CMakeFiles/new_build.elf.dir/Drivers/STM32F4xx_HAL_Driver/Src/stm32f4xx_hal_tim.c.obj
                0x080052c8                HAL_TIM_Base_MspInit
 *fill*         0x080052ca        0x2 
 .text.HAL_TIM_Base_Start_IT
                0x080052cc      0x108 CMakeFiles/new_build.elf.dir/Drivers/STM32F4xx_HAL_Driver/Src/stm32f4xx_hal_tim.c.obj
                0x080052cc                HAL_TIM_Base_Start_IT
 .text.HAL_TIM_OC_DelayElapsedCallback
                0x080053d4        0x2 CMakeFiles/new_build.elf.dir/Drivers/STM32F4xx_HAL_Driver/Src/stm32f4xx_hal_tim.c.obj
                0x080053d4                HAL_TIM_OC_DelayElapsedCallback
 .text.HAL_TIM_IC_CaptureCallback
                0x080053d6        0x2 CMakeFiles/new_build.elf.dir/Drivers/STM32F4xx_HAL_Driver/Src/stm32f4xx_hal_tim.c.obj
                0x080053d6                HAL_TIM_IC_CaptureCallback
 .text.HAL_TIM_PWM_PulseFinishedCallback
                0x080053d8        0x2 CMakeFiles/new_build.elf.dir/Drivers/STM32F4xx_HAL_Driver/Src/stm32f4xx_hal_tim.c.obj
                0x080053d8                HAL_TIM_PWM_PulseFinishedCallback
 .text.HAL_TIM_TriggerCallback
                0x080053da        0x2 CMakeFiles/new_build.elf.dir/Drivers/STM32F4xx_HAL_Driver/Src/stm32f4xx_hal_tim.c.obj
                0x080053da                HAL_TIM_TriggerCallback
 .text.HAL_TIM_IRQHandler
                0x080053dc      0x15e CMakeFiles/new_build.elf.dir/Drivers/STM32F4xx_HAL_Driver/Src/stm32f4xx_hal_tim.c.obj
                0x080053dc                HAL_TIM_IRQHandler
 *fill*         0x0800553a        0x2 
 .text.TIM_Base_SetConfig
                0x0800553c       0xd8 CMakeFiles/new_build.elf.dir/Drivers/STM32F4xx_HAL_Driver/Src/stm32f4xx_hal_tim.c.obj
                0x0800553c                TIM_Base_SetConfig
 .text.HAL_TIM_Base_Init
                0x08005614      0x168 CMakeFiles/new_build.elf.dir/Drivers/STM32F4xx_HAL_Driver/Src/stm32f4xx_hal_tim.c.obj
                0x08005614                HAL_TIM_Base_Init
 .text.HAL_TIMEx_CommutCallback
                0x0800577c        0x2 CMakeFiles/new_build.elf.dir/Drivers/STM32F4xx_HAL_Driver/Src/stm32f4xx_hal_tim_ex.c.obj
                0x0800577c                HAL_TIMEx_CommutCallback
 .text.HAL_TIMEx_BreakCallback
                0x0800577e        0x2 CMakeFiles/new_build.elf.dir/Drivers/STM32F4xx_HAL_Driver/Src/stm32f4xx_hal_tim_ex.c.obj
                0x0800577e                HAL_TIMEx_BreakCallback
 .text.UART_EndTxTransfer
                0x08005780       0x20 CMakeFiles/new_build.elf.dir/Drivers/STM32F4xx_HAL_Driver/Src/stm32f4xx_hal_uart.c.obj
 .text.UART_EndRxTransfer
                0x080057a0       0x5c CMakeFiles/new_build.elf.dir/Drivers/STM32F4xx_HAL_Driver/Src/stm32f4xx_hal_uart.c.obj
 .text.UART_Transmit_IT
                0x080057fc       0x60 CMakeFiles/new_build.elf.dir/Drivers/STM32F4xx_HAL_Driver/Src/stm32f4xx_hal_uart.c.obj
 .text.UART_SetConfig
                0x0800585c      0x174 CMakeFiles/new_build.elf.dir/Drivers/STM32F4xx_HAL_Driver/Src/stm32f4xx_hal_uart.c.obj
 .text.HAL_UART_Init
                0x080059d0      0x12c CMakeFiles/new_build.elf.dir/Drivers/STM32F4xx_HAL_Driver/Src/stm32f4xx_hal_uart.c.obj
                0x080059d0                HAL_UART_Init
 .text.HAL_UART_DMAStop
                0x08005afc       0x84 CMakeFiles/new_build.elf.dir/Drivers/STM32F4xx_HAL_Driver/Src/stm32f4xx_hal_uart.c.obj
                0x08005afc                HAL_UART_DMAStop
 .text.HAL_UART_TxCpltCallback
                0x08005b80        0x2 CMakeFiles/new_build.elf.dir/Drivers/STM32F4xx_HAL_Driver/Src/stm32f4xx_hal_uart.c.obj
                0x08005b80                HAL_UART_TxCpltCallback
 .text.UART_EndTransmit_IT
                0x08005b82       0x1a CMakeFiles/new_build.elf.dir/Drivers/STM32F4xx_HAL_Driver/Src/stm32f4xx_hal_uart.c.obj
 .text.HAL_UART_RxCpltCallback
                0x08005b9c        0x2 CMakeFiles/new_build.elf.dir/Drivers/STM32F4xx_HAL_Driver/Src/stm32f4xx_hal_uart.c.obj
                0x08005b9c                HAL_UART_RxCpltCallback
 .text.HAL_UART_RxHalfCpltCallback
                0x08005b9e        0x2 CMakeFiles/new_build.elf.dir/Drivers/STM32F4xx_HAL_Driver/Src/stm32f4xx_hal_uart.c.obj
                0x08005b9e                HAL_UART_RxHalfCpltCallback
 .text.HAL_UART_ErrorCallback
                0x08005ba0        0x2 CMakeFiles/new_build.elf.dir/Drivers/STM32F4xx_HAL_Driver/Src/stm32f4xx_hal_uart.c.obj
                0x08005ba0                HAL_UART_ErrorCallback
 .text.UART_DMAError
                0x08005ba2       0x58 CMakeFiles/new_build.elf.dir/Drivers/STM32F4xx_HAL_Driver/Src/stm32f4xx_hal_uart.c.obj
 .text.UART_DMAAbortOnError
                0x08005bfa       0x10 CMakeFiles/new_build.elf.dir/Drivers/STM32F4xx_HAL_Driver/Src/stm32f4xx_hal_uart.c.obj
 .text.HAL_UARTEx_RxEventCallback
                0x08005c0a        0x2 CMakeFiles/new_build.elf.dir/Drivers/STM32F4xx_HAL_Driver/Src/stm32f4xx_hal_uart.c.obj
                0x08005c0a                HAL_UARTEx_RxEventCallback
 .text.UART_Receive_IT
                0x08005c0c       0xe6 CMakeFiles/new_build.elf.dir/Drivers/STM32F4xx_HAL_Driver/Src/stm32f4xx_hal_uart.c.obj
 *fill*         0x08005cf2        0x2 
 .text.HAL_UART_IRQHandler
                0x08005cf4      0x284 CMakeFiles/new_build.elf.dir/Drivers/STM32F4xx_HAL_Driver/Src/stm32f4xx_hal_uart.c.obj
                0x08005cf4                HAL_UART_IRQHandler
 .text.UART_DMARxHalfCplt
                0x08005f78       0x1e CMakeFiles/new_build.elf.dir/Drivers/STM32F4xx_HAL_Driver/Src/stm32f4xx_hal_uart.c.obj
 .text.UART_DMAReceiveCplt
                0x08005f96       0x9a CMakeFiles/new_build.elf.dir/Drivers/STM32F4xx_HAL_Driver/Src/stm32f4xx_hal_uart.c.obj
 .text.UART_Start_Receive_DMA
                0x08006030       0xa4 CMakeFiles/new_build.elf.dir/Drivers/STM32F4xx_HAL_Driver/Src/stm32f4xx_hal_uart.c.obj
                0x08006030                UART_Start_Receive_DMA
 .text.HAL_UART_Receive_DMA
                0x080060d4       0x26 CMakeFiles/new_build.elf.dir/Drivers/STM32F4xx_HAL_Driver/Src/stm32f4xx_hal_uart.c.obj
                0x080060d4                HAL_UART_Receive_DMA
 .text.SysTick_Handler
                0x080060fa       0x18 CMakeFiles/new_build.elf.dir/Middlewares/Third_Party/FreeRTOS/Source/CMSIS_RTOS_V2/cmsis_os2.c.obj
                0x080060fa                SysTick_Handler
 *fill*         0x08006112        0x2 
 .text.osKernelInitialize
                0x08006114       0x24 CMakeFiles/new_build.elf.dir/Middlewares/Third_Party/FreeRTOS/Source/CMSIS_RTOS_V2/cmsis_os2.c.obj
                0x08006114                osKernelInitialize
 .text.osKernelStart
                0x08006138       0x38 CMakeFiles/new_build.elf.dir/Middlewares/Third_Party/FreeRTOS/Source/CMSIS_RTOS_V2/cmsis_os2.c.obj
                0x08006138                osKernelStart
 .text.osThreadNew
                0x08006170       0xbc CMakeFiles/new_build.elf.dir/Middlewares/Third_Party/FreeRTOS/Source/CMSIS_RTOS_V2/cmsis_os2.c.obj
                0x08006170                osThreadNew
 .text.osThreadTerminate
                0x0800622c       0x30 CMakeFiles/new_build.elf.dir/Middlewares/Third_Party/FreeRTOS/Source/CMSIS_RTOS_V2/cmsis_os2.c.obj
                0x0800622c                osThreadTerminate
 .text.osDelay  0x0800625c       0x1c CMakeFiles/new_build.elf.dir/Middlewares/Third_Party/FreeRTOS/Source/CMSIS_RTOS_V2/cmsis_os2.c.obj
                0x0800625c                osDelay
 .text.vApplicationIdleHook
                0x08006278        0x2 CMakeFiles/new_build.elf.dir/Middlewares/Third_Party/FreeRTOS/Source/CMSIS_RTOS_V2/cmsis_os2.c.obj
                0x08006278                vApplicationIdleHook
 *fill*         0x0800627a        0x2 
 .text.vApplicationGetIdleTaskMemory
                0x0800627c       0x18 CMakeFiles/new_build.elf.dir/Middlewares/Third_Party/FreeRTOS/Source/CMSIS_RTOS_V2/cmsis_os2.c.obj
                0x0800627c                vApplicationGetIdleTaskMemory
 .text.vApplicationGetTimerTaskMemory
                0x08006294       0x18 CMakeFiles/new_build.elf.dir/Middlewares/Third_Party/FreeRTOS/Source/CMSIS_RTOS_V2/cmsis_os2.c.obj
                0x08006294                vApplicationGetTimerTaskMemory
 .text.vListInitialise
                0x080062ac       0x16 CMakeFiles/new_build.elf.dir/Middlewares/Third_Party/FreeRTOS/Source/list.c.obj
                0x080062ac                vListInitialise
 .text.vListInitialiseItem
                0x080062c2        0x6 CMakeFiles/new_build.elf.dir/Middlewares/Third_Party/FreeRTOS/Source/list.c.obj
                0x080062c2                vListInitialiseItem
 .text.vListInsertEnd
                0x080062c8       0x16 CMakeFiles/new_build.elf.dir/Middlewares/Third_Party/FreeRTOS/Source/list.c.obj
                0x080062c8                vListInsertEnd
 .text.vListInsert
                0x080062de       0x32 CMakeFiles/new_build.elf.dir/Middlewares/Third_Party/FreeRTOS/Source/list.c.obj
                0x080062de                vListInsert
 .text.uxListRemove
                0x08006310       0x26 CMakeFiles/new_build.elf.dir/Middlewares/Third_Party/FreeRTOS/Source/list.c.obj
                0x08006310                uxListRemove
 *fill*         0x08006336        0x2 
 .text.prvTaskExitError
                0x08006338       0x40 CMakeFiles/new_build.elf.dir/Middlewares/Third_Party/FreeRTOS/Source/portable/GCC/ARM_CM4F/port.c.obj
 .text.prvPortStartFirstTask
                0x08006378       0x28 CMakeFiles/new_build.elf.dir/Middlewares/Third_Party/FreeRTOS/Source/portable/GCC/ARM_CM4F/port.c.obj
 .text.vPortEnableVFP
                0x080063a0       0x14 CMakeFiles/new_build.elf.dir/Middlewares/Third_Party/FreeRTOS/Source/portable/GCC/ARM_CM4F/port.c.obj
 .text.pxPortInitialiseStack
                0x080063b4       0x2c CMakeFiles/new_build.elf.dir/Middlewares/Third_Party/FreeRTOS/Source/portable/GCC/ARM_CM4F/port.c.obj
                0x080063b4                pxPortInitialiseStack
 .text.SVC_Handler
                0x080063e0       0x24 CMakeFiles/new_build.elf.dir/Middlewares/Third_Party/FreeRTOS/Source/portable/GCC/ARM_CM4F/port.c.obj
                0x080063e0                SVC_Handler
 .text.vPortEnterCritical
                0x08006404       0x44 CMakeFiles/new_build.elf.dir/Middlewares/Third_Party/FreeRTOS/Source/portable/GCC/ARM_CM4F/port.c.obj
                0x08006404                vPortEnterCritical
 .text.vPortExitCritical
                0x08006448       0x2c CMakeFiles/new_build.elf.dir/Middlewares/Third_Party/FreeRTOS/Source/portable/GCC/ARM_CM4F/port.c.obj
                0x08006448                vPortExitCritical
 *fill*         0x08006474        0xc 
 .text.PendSV_Handler
                0x08006480       0x64 CMakeFiles/new_build.elf.dir/Middlewares/Third_Party/FreeRTOS/Source/portable/GCC/ARM_CM4F/port.c.obj
                0x08006480                PendSV_Handler
 .text.xPortSysTickHandler
                0x080064e4       0x3a CMakeFiles/new_build.elf.dir/Middlewares/Third_Party/FreeRTOS/Source/portable/GCC/ARM_CM4F/port.c.obj
                0x080064e4                xPortSysTickHandler
 *fill*         0x0800651e        0x2 
 .text.vPortSetupTimerInterrupt
                0x08006520       0x28 CMakeFiles/new_build.elf.dir/Middlewares/Third_Party/FreeRTOS/Source/portable/GCC/ARM_CM4F/port.c.obj
                0x08006520                vPortSetupTimerInterrupt
 .text.xPortStartScheduler
                0x08006548      0x118 CMakeFiles/new_build.elf.dir/Middlewares/Third_Party/FreeRTOS/Source/portable/GCC/ARM_CM4F/port.c.obj
                0x08006548                xPortStartScheduler
 .text.vPortValidateInterruptPriority
                0x08006660       0x5c CMakeFiles/new_build.elf.dir/Middlewares/Third_Party/FreeRTOS/Source/portable/GCC/ARM_CM4F/port.c.obj
                0x08006660                vPortValidateInterruptPriority
 .text.prvHeapInit
                0x080066bc       0x64 CMakeFiles/new_build.elf.dir/Middlewares/Third_Party/FreeRTOS/Source/portable/MemMang/heap_4.c.obj
 .text.prvInsertBlockIntoFreeList
                0x08006720       0x64 CMakeFiles/new_build.elf.dir/Middlewares/Third_Party/FreeRTOS/Source/portable/MemMang/heap_4.c.obj
 .text.pvPortMalloc
                0x08006784      0x104 CMakeFiles/new_build.elf.dir/Middlewares/Third_Party/FreeRTOS/Source/portable/MemMang/heap_4.c.obj
                0x08006784                pvPortMalloc
 .text.vPortFree
                0x08006888       0x7c CMakeFiles/new_build.elf.dir/Middlewares/Third_Party/FreeRTOS/Source/portable/MemMang/heap_4.c.obj
                0x08006888                vPortFree
 .text.prvIsQueueFull
                0x08006904       0x1e CMakeFiles/new_build.elf.dir/Middlewares/Third_Party/FreeRTOS/Source/queue.c.obj
 .text.prvIsQueueEmpty
                0x08006922       0x1a CMakeFiles/new_build.elf.dir/Middlewares/Third_Party/FreeRTOS/Source/queue.c.obj
 .text.prvCopyDataToQueue
                0x0800693c       0x76 CMakeFiles/new_build.elf.dir/Middlewares/Third_Party/FreeRTOS/Source/queue.c.obj
 .text.prvCopyDataFromQueue
                0x080069b2       0x24 CMakeFiles/new_build.elf.dir/Middlewares/Third_Party/FreeRTOS/Source/queue.c.obj
 .text.prvUnlockQueue
                0x080069d6       0x6e CMakeFiles/new_build.elf.dir/Middlewares/Third_Party/FreeRTOS/Source/queue.c.obj
 .text.xQueueGenericReset
                0x08006a44       0x84 CMakeFiles/new_build.elf.dir/Middlewares/Third_Party/FreeRTOS/Source/queue.c.obj
                0x08006a44                xQueueGenericReset
 .text.prvInitialiseNewQueue
                0x08006ac8       0x30 CMakeFiles/new_build.elf.dir/Middlewares/Third_Party/FreeRTOS/Source/queue.c.obj
 .text.xQueueGenericCreateStatic
                0x08006af8       0x94 CMakeFiles/new_build.elf.dir/Middlewares/Third_Party/FreeRTOS/Source/queue.c.obj
                0x08006af8                xQueueGenericCreateStatic
 .text.xQueueGenericCreate
                0x08006b8c       0x48 CMakeFiles/new_build.elf.dir/Middlewares/Third_Party/FreeRTOS/Source/queue.c.obj
                0x08006b8c                xQueueGenericCreate
 .text.xQueueGenericSend
                0x08006bd4      0x1c4 CMakeFiles/new_build.elf.dir/Middlewares/Third_Party/FreeRTOS/Source/queue.c.obj
                0x08006bd4                xQueueGenericSend
 .text.xQueueGenericSendFromISR
                0x08006d98       0xee CMakeFiles/new_build.elf.dir/Middlewares/Third_Party/FreeRTOS/Source/queue.c.obj
                0x08006d98                xQueueGenericSendFromISR
 .text.xQueueReceive
                0x08006e86      0x1b8 CMakeFiles/new_build.elf.dir/Middlewares/Third_Party/FreeRTOS/Source/queue.c.obj
                0x08006e86                xQueueReceive
 *fill*         0x0800703e        0x2 
 .text.vQueueAddToRegistry
                0x08007040       0x38 CMakeFiles/new_build.elf.dir/Middlewares/Third_Party/FreeRTOS/Source/queue.c.obj
                0x08007040                vQueueAddToRegistry
 .text.vQueueUnregisterQueue
                0x08007078       0x2c CMakeFiles/new_build.elf.dir/Middlewares/Third_Party/FreeRTOS/Source/queue.c.obj
                0x08007078                vQueueUnregisterQueue
 .text.vQueueDelete
                0x080070a4       0x3a CMakeFiles/new_build.elf.dir/Middlewares/Third_Party/FreeRTOS/Source/queue.c.obj
                0x080070a4                vQueueDelete
 .text.vQueueWaitForMessageRestricted
                0x080070de       0x52 CMakeFiles/new_build.elf.dir/Middlewares/Third_Party/FreeRTOS/Source/queue.c.obj
                0x080070de                vQueueWaitForMessageRestricted
 .text.prvTaskCheckFreeStackSpace
                0x08007130       0x14 CMakeFiles/new_build.elf.dir/Middlewares/Third_Party/FreeRTOS/Source/tasks.c.obj
 .text.prvResetNextTaskUnblockTime
                0x08007144       0x2c CMakeFiles/new_build.elf.dir/Middlewares/Third_Party/FreeRTOS/Source/tasks.c.obj
 .text.prvInitialiseNewTask
                0x08007170       0xa6 CMakeFiles/new_build.elf.dir/Middlewares/Third_Party/FreeRTOS/Source/tasks.c.obj
 *fill*         0x08007216        0x2 
 .text.prvInitialiseTaskLists
                0x08007218       0x68 CMakeFiles/new_build.elf.dir/Middlewares/Third_Party/FreeRTOS/Source/tasks.c.obj
 .text.prvAddNewTaskToReadyList
                0x08007280       0xd0 CMakeFiles/new_build.elf.dir/Middlewares/Third_Party/FreeRTOS/Source/tasks.c.obj
 .text.prvDeleteTCB
                0x08007350       0x38 CMakeFiles/new_build.elf.dir/Middlewares/Third_Party/FreeRTOS/Source/tasks.c.obj
 .text.prvCheckTasksWaitingTermination
                0x08007388       0x4c CMakeFiles/new_build.elf.dir/Middlewares/Third_Party/FreeRTOS/Source/tasks.c.obj
 .text.prvAddCurrentTaskToDelayedList
                0x080073d4       0x84 CMakeFiles/new_build.elf.dir/Middlewares/Third_Party/FreeRTOS/Source/tasks.c.obj
 .text.prvIdleTask
                0x08007458       0x30 CMakeFiles/new_build.elf.dir/Middlewares/Third_Party/FreeRTOS/Source/tasks.c.obj
 .text.xTaskCreateStatic
                0x08007488       0x76 CMakeFiles/new_build.elf.dir/Middlewares/Third_Party/FreeRTOS/Source/tasks.c.obj
                0x08007488                xTaskCreateStatic
 .text.xTaskCreate
                0x080074fe       0x64 CMakeFiles/new_build.elf.dir/Middlewares/Third_Party/FreeRTOS/Source/tasks.c.obj
                0x080074fe                xTaskCreate
 *fill*         0x08007562        0x2 
 .text.vTaskDelete
                0x08007564       0xe0 CMakeFiles/new_build.elf.dir/Middlewares/Third_Party/FreeRTOS/Source/tasks.c.obj
                0x08007564                vTaskDelete
 .text.eTaskGetState
                0x08007644       0x90 CMakeFiles/new_build.elf.dir/Middlewares/Third_Party/FreeRTOS/Source/tasks.c.obj
                0x08007644                eTaskGetState
 .text.vTaskStartScheduler
                0x080076d4       0xb8 CMakeFiles/new_build.elf.dir/Middlewares/Third_Party/FreeRTOS/Source/tasks.c.obj
                0x080076d4                vTaskStartScheduler
 .text.vTaskSuspendAll
                0x0800778c       0x10 CMakeFiles/new_build.elf.dir/Middlewares/Third_Party/FreeRTOS/Source/tasks.c.obj
                0x0800778c                vTaskSuspendAll
 .text.xTaskGetTickCount
                0x0800779c        0xc CMakeFiles/new_build.elf.dir/Middlewares/Third_Party/FreeRTOS/Source/tasks.c.obj
                0x0800779c                xTaskGetTickCount
 .text.xTaskGetTickCountFromISR
                0x080077a8       0x10 CMakeFiles/new_build.elf.dir/Middlewares/Third_Party/FreeRTOS/Source/tasks.c.obj
                0x080077a8                xTaskGetTickCountFromISR
 .text.xTaskIncrementTick
                0x080077b8      0x120 CMakeFiles/new_build.elf.dir/Middlewares/Third_Party/FreeRTOS/Source/tasks.c.obj
                0x080077b8                xTaskIncrementTick
 .text.xTaskResumeAll
                0x080078d8       0xfc CMakeFiles/new_build.elf.dir/Middlewares/Third_Party/FreeRTOS/Source/tasks.c.obj
                0x080078d8                xTaskResumeAll
 .text.vTaskDelay
                0x080079d4       0x54 CMakeFiles/new_build.elf.dir/Middlewares/Third_Party/FreeRTOS/Source/tasks.c.obj
                0x080079d4                vTaskDelay
 .text.xTaskAbortDelay
                0x08007a28       0xa0 CMakeFiles/new_build.elf.dir/Middlewares/Third_Party/FreeRTOS/Source/tasks.c.obj
                0x08007a28                xTaskAbortDelay
 .text.vTaskSwitchContext
                0x08007ac8       0xb4 CMakeFiles/new_build.elf.dir/Middlewares/Third_Party/FreeRTOS/Source/tasks.c.obj
                0x08007ac8                vTaskSwitchContext
 .text.vTaskPlaceOnEventList
                0x08007b7c       0x30 CMakeFiles/new_build.elf.dir/Middlewares/Third_Party/FreeRTOS/Source/tasks.c.obj
                0x08007b7c                vTaskPlaceOnEventList
 .text.vTaskPlaceOnEventListRestricted
                0x08007bac       0x40 CMakeFiles/new_build.elf.dir/Middlewares/Third_Party/FreeRTOS/Source/tasks.c.obj
                0x08007bac                vTaskPlaceOnEventListRestricted
 .text.xTaskRemoveFromEventList
                0x08007bec       0x90 CMakeFiles/new_build.elf.dir/Middlewares/Third_Party/FreeRTOS/Source/tasks.c.obj
                0x08007bec                xTaskRemoveFromEventList
 .text.vTaskInternalSetTimeOutState
                0x08007c7c       0x18 CMakeFiles/new_build.elf.dir/Middlewares/Third_Party/FreeRTOS/Source/tasks.c.obj
                0x08007c7c                vTaskInternalSetTimeOutState
 .text.xTaskCheckForTimeOut
                0x08007c94       0xa0 CMakeFiles/new_build.elf.dir/Middlewares/Third_Party/FreeRTOS/Source/tasks.c.obj
                0x08007c94                xTaskCheckForTimeOut
 .text.vTaskMissedYield
                0x08007d34        0xc CMakeFiles/new_build.elf.dir/Middlewares/Third_Party/FreeRTOS/Source/tasks.c.obj
                0x08007d34                vTaskMissedYield
 .text.uxTaskGetStackHighWaterMark
                0x08007d40       0x18 CMakeFiles/new_build.elf.dir/Middlewares/Third_Party/FreeRTOS/Source/tasks.c.obj
                0x08007d40                uxTaskGetStackHighWaterMark
 .text.xTaskGetSchedulerState
                0x08007d58       0x20 CMakeFiles/new_build.elf.dir/Middlewares/Third_Party/FreeRTOS/Source/tasks.c.obj
                0x08007d58                xTaskGetSchedulerState
 .text.xTaskPriorityDisinherit
                0x08007d78       0xa0 CMakeFiles/new_build.elf.dir/Middlewares/Third_Party/FreeRTOS/Source/tasks.c.obj
                0x08007d78                xTaskPriorityDisinherit
 .text.prvGetNextExpireTime
                0x08007e18       0x20 CMakeFiles/new_build.elf.dir/Middlewares/Third_Party/FreeRTOS/Source/timers.c.obj
 .text.prvInsertTimerInActiveList
                0x08007e38       0x48 CMakeFiles/new_build.elf.dir/Middlewares/Third_Party/FreeRTOS/Source/timers.c.obj
 .text.prvCheckForValidListAndQueue
                0x08007e80       0x70 CMakeFiles/new_build.elf.dir/Middlewares/Third_Party/FreeRTOS/Source/timers.c.obj
 .text.xTimerCreateTimerTask
                0x08007ef0       0x64 CMakeFiles/new_build.elf.dir/Middlewares/Third_Party/FreeRTOS/Source/timers.c.obj
                0x08007ef0                xTimerCreateTimerTask
 .text.xTimerGenericCommand
                0x08007f54       0x6c CMakeFiles/new_build.elf.dir/Middlewares/Third_Party/FreeRTOS/Source/timers.c.obj
                0x08007f54                xTimerGenericCommand
 .text.prvSwitchTimerLists
                0x08007fc0       0x7c CMakeFiles/new_build.elf.dir/Middlewares/Third_Party/FreeRTOS/Source/timers.c.obj
 .text.prvSampleTimeNow
                0x0800803c       0x2c CMakeFiles/new_build.elf.dir/Middlewares/Third_Party/FreeRTOS/Source/timers.c.obj
 .text.prvProcessExpiredTimer
                0x08008068       0x6c CMakeFiles/new_build.elf.dir/Middlewares/Third_Party/FreeRTOS/Source/timers.c.obj
 .text.prvProcessTimerOrBlockTask
                0x080080d4       0x74 CMakeFiles/new_build.elf.dir/Middlewares/Third_Party/FreeRTOS/Source/timers.c.obj
 .text.prvProcessReceivedCommands
                0x08008148      0x10c CMakeFiles/new_build.elf.dir/Middlewares/Third_Party/FreeRTOS/Source/timers.c.obj
 .text.prvTimerTask
                0x08008254       0x16 CMakeFiles/new_build.elf.dir/Middlewares/Third_Party/FreeRTOS/Source/timers.c.obj
 *fill*         0x0800826a        0x2 
 .text._cbSendSystemDesc
                0x0800826c       0x18 CMakeFiles/new_build.elf.dir/Middlewares/Third_Party/SystemView/Config/SEGGER_SYSVIEW_Config_FreeRTOS.c.obj
 .text.SEGGER_SYSVIEW_Conf
                0x08008284       0x28 CMakeFiles/new_build.elf.dir/Middlewares/Third_Party/SystemView/Config/SEGGER_SYSVIEW_Config_FreeRTOS.c.obj
                0x08008284                SEGGER_SYSVIEW_Conf
 .text._GetAvailWriteSpace
                0x080082ac       0x18 CMakeFiles/new_build.elf.dir/Middlewares/Third_Party/SystemView/SEGGER/SEGGER_RTT.c.obj
 .text._WriteNoCheck
                0x080082c4       0x4c CMakeFiles/new_build.elf.dir/Middlewares/Third_Party/SystemView/SEGGER/SEGGER_RTT.c.obj
 .text._WriteBlocking
                0x08008310       0x62 CMakeFiles/new_build.elf.dir/Middlewares/Third_Party/SystemView/SEGGER/SEGGER_RTT.c.obj
 *fill*         0x08008372        0x2 
 .text._DoInit  0x08008374       0x6c CMakeFiles/new_build.elf.dir/Middlewares/Third_Party/SystemView/SEGGER/SEGGER_RTT.c.obj
 .text.SEGGER_RTT_ReadNoLock
                0x080083e0       0xa0 CMakeFiles/new_build.elf.dir/Middlewares/Third_Party/SystemView/SEGGER/SEGGER_RTT.c.obj
                0x080083e0                SEGGER_RTT_ReadNoLock
 .text.SEGGER_RTT_WriteNoLock
                0x08008480       0x6c CMakeFiles/new_build.elf.dir/Middlewares/Third_Party/SystemView/SEGGER/SEGGER_RTT.c.obj
                0x08008480                SEGGER_RTT_WriteNoLock
 .text.SEGGER_RTT_Write
                0x080084ec       0x34 CMakeFiles/new_build.elf.dir/Middlewares/Third_Party/SystemView/SEGGER/SEGGER_RTT.c.obj
                0x080084ec                SEGGER_RTT_Write
 .text.SEGGER_RTT_WriteString
                0x08008520       0x18 CMakeFiles/new_build.elf.dir/Middlewares/Third_Party/SystemView/SEGGER/SEGGER_RTT.c.obj
                0x08008520                SEGGER_RTT_WriteString
 .text.SEGGER_RTT_AllocUpBuffer
                0x08008538       0x8c CMakeFiles/new_build.elf.dir/Middlewares/Third_Party/SystemView/SEGGER/SEGGER_RTT.c.obj
                0x08008538                SEGGER_RTT_AllocUpBuffer
 .text.SEGGER_RTT_ConfigDownBuffer
                0x080085c4       0x70 CMakeFiles/new_build.elf.dir/Middlewares/Third_Party/SystemView/SEGGER/SEGGER_RTT.c.obj
                0x080085c4                SEGGER_RTT_ConfigDownBuffer
 .text.SEGGER_RTT_Init
                0x08008634        0x8 CMakeFiles/new_build.elf.dir/Middlewares/Third_Party/SystemView/SEGGER/SEGGER_RTT.c.obj
                0x08008634                SEGGER_RTT_Init
 .text._EncodeStr
                0x0800863c       0x6c CMakeFiles/new_build.elf.dir/Middlewares/Third_Party/SystemView/SEGGER/SEGGER_SYSVIEW.c.obj
 .text._PreparePacket
                0x080086a8        0x4 CMakeFiles/new_build.elf.dir/Middlewares/Third_Party/SystemView/SEGGER/SEGGER_SYSVIEW.c.obj
 .text._TrySendOverflowPacket
                0x080086ac       0x74 CMakeFiles/new_build.elf.dir/Middlewares/Third_Party/SystemView/SEGGER/SEGGER_SYSVIEW.c.obj
 .text.SEGGER_SYSVIEW_Init
                0x08008720       0x6c CMakeFiles/new_build.elf.dir/Middlewares/Third_Party/SystemView/SEGGER/SEGGER_SYSVIEW.c.obj
                0x08008720                SEGGER_SYSVIEW_Init
 .text.SEGGER_SYSVIEW_SetRAMBase
                0x0800878c        0xc CMakeFiles/new_build.elf.dir/Middlewares/Third_Party/SystemView/SEGGER/SEGGER_SYSVIEW.c.obj
                0x0800878c                SEGGER_SYSVIEW_SetRAMBase
 .text.SEGGER_SYSVIEW_SendTaskList
                0x08008798       0x14 CMakeFiles/new_build.elf.dir/Middlewares/Third_Party/SystemView/SEGGER/SEGGER_SYSVIEW.c.obj
                0x08008798                SEGGER_SYSVIEW_SendTaskList
 .text.SEGGER_SYSVIEW_ShrinkId
                0x080087ac        0xc CMakeFiles/new_build.elf.dir/Middlewares/Third_Party/SystemView/SEGGER/SEGGER_SYSVIEW.c.obj
                0x080087ac                SEGGER_SYSVIEW_ShrinkId
 .text.SEGGER_SYSVIEW_SendModuleDescription
                0x080087b8       0x20 CMakeFiles/new_build.elf.dir/Middlewares/Third_Party/SystemView/SEGGER/SEGGER_SYSVIEW.c.obj
                0x080087b8                SEGGER_SYSVIEW_SendModuleDescription
 .text.SEGGER_SYSVIEW_SendNumModules
                0x080087d8       0x44 CMakeFiles/new_build.elf.dir/Middlewares/Third_Party/SystemView/SEGGER/SEGGER_SYSVIEW.c.obj
                0x080087d8                SEGGER_SYSVIEW_SendNumModules
 .text.SEGGER_SYSVIEW_Start
                0x0800881c       0xb4 CMakeFiles/new_build.elf.dir/Middlewares/Third_Party/SystemView/SEGGER/SEGGER_SYSVIEW.c.obj
                0x0800881c                SEGGER_SYSVIEW_Start
 .text._HandleIncomingPacket
                0x080088d0       0xa0 CMakeFiles/new_build.elf.dir/Middlewares/Third_Party/SystemView/SEGGER/SEGGER_SYSVIEW.c.obj
 .text._SendPacket
                0x08008970       0xfc CMakeFiles/new_build.elf.dir/Middlewares/Third_Party/SystemView/SEGGER/SEGGER_SYSVIEW.c.obj
 .text.SEGGER_SYSVIEW_RecordVoid
                0x08008a6c       0x28 CMakeFiles/new_build.elf.dir/Middlewares/Third_Party/SystemView/SEGGER/SEGGER_SYSVIEW.c.obj
                0x08008a6c                SEGGER_SYSVIEW_RecordVoid
 .text.SEGGER_SYSVIEW_RecordU32
                0x08008a94       0x40 CMakeFiles/new_build.elf.dir/Middlewares/Third_Party/SystemView/SEGGER/SEGGER_SYSVIEW.c.obj
                0x08008a94                SEGGER_SYSVIEW_RecordU32
 .text.SEGGER_SYSVIEW_RecordU32x2
                0x08008ad4       0x54 CMakeFiles/new_build.elf.dir/Middlewares/Third_Party/SystemView/SEGGER/SEGGER_SYSVIEW.c.obj
                0x08008ad4                SEGGER_SYSVIEW_RecordU32x2
 .text.SEGGER_SYSVIEW_RecordSystime
                0x08008b28       0x30 CMakeFiles/new_build.elf.dir/Middlewares/Third_Party/SystemView/SEGGER/SEGGER_SYSVIEW.c.obj
                0x08008b28                SEGGER_SYSVIEW_RecordSystime
 .text.SEGGER_SYSVIEW_RecordU32x3
                0x08008b58       0x74 CMakeFiles/new_build.elf.dir/Middlewares/Third_Party/SystemView/SEGGER/SEGGER_SYSVIEW.c.obj
                0x08008b58                SEGGER_SYSVIEW_RecordU32x3
 .text.SEGGER_SYSVIEW_RecordU32x4
                0x08008bcc       0x8c CMakeFiles/new_build.elf.dir/Middlewares/Third_Party/SystemView/SEGGER/SEGGER_SYSVIEW.c.obj
                0x08008bcc                SEGGER_SYSVIEW_RecordU32x4
 .text.SEGGER_SYSVIEW_Stop
                0x08008c58       0x38 CMakeFiles/new_build.elf.dir/Middlewares/Third_Party/SystemView/SEGGER/SEGGER_SYSVIEW.c.obj
                0x08008c58                SEGGER_SYSVIEW_Stop
 .text.SEGGER_SYSVIEW_GetSysDesc
                0x08008c90       0x80 CMakeFiles/new_build.elf.dir/Middlewares/Third_Party/SystemView/SEGGER/SEGGER_SYSVIEW.c.obj
                0x08008c90                SEGGER_SYSVIEW_GetSysDesc
 .text.SEGGER_SYSVIEW_SendTaskInfo
                0x08008d10       0xc4 CMakeFiles/new_build.elf.dir/Middlewares/Third_Party/SystemView/SEGGER/SEGGER_SYSVIEW.c.obj
                0x08008d10                SEGGER_SYSVIEW_SendTaskInfo
 .text.SEGGER_SYSVIEW_SendSysDesc
                0x08008dd4       0x34 CMakeFiles/new_build.elf.dir/Middlewares/Third_Party/SystemView/SEGGER/SEGGER_SYSVIEW.c.obj
                0x08008dd4                SEGGER_SYSVIEW_SendSysDesc
 .text.SEGGER_SYSVIEW_RecordEnterISR
                0x08008e08       0x48 CMakeFiles/new_build.elf.dir/Middlewares/Third_Party/SystemView/SEGGER/SEGGER_SYSVIEW.c.obj
                0x08008e08                SEGGER_SYSVIEW_RecordEnterISR
 .text.SEGGER_SYSVIEW_RecordExitISR
                0x08008e50       0x28 CMakeFiles/new_build.elf.dir/Middlewares/Third_Party/SystemView/SEGGER/SEGGER_SYSVIEW.c.obj
                0x08008e50                SEGGER_SYSVIEW_RecordExitISR
 .text.SEGGER_SYSVIEW_RecordExitISRToScheduler
                0x08008e78       0x28 CMakeFiles/new_build.elf.dir/Middlewares/Third_Party/SystemView/SEGGER/SEGGER_SYSVIEW.c.obj
                0x08008e78                SEGGER_SYSVIEW_RecordExitISRToScheduler
 .text.SEGGER_SYSVIEW_OnIdle
                0x08008ea0       0x28 CMakeFiles/new_build.elf.dir/Middlewares/Third_Party/SystemView/SEGGER/SEGGER_SYSVIEW.c.obj
                0x08008ea0                SEGGER_SYSVIEW_OnIdle
 .text.SEGGER_SYSVIEW_OnTaskCreate
                0x08008ec8       0x48 CMakeFiles/new_build.elf.dir/Middlewares/Third_Party/SystemView/SEGGER/SEGGER_SYSVIEW.c.obj
                0x08008ec8                SEGGER_SYSVIEW_OnTaskCreate
 .text.SEGGER_SYSVIEW_OnTaskStartExec
                0x08008f10       0x48 CMakeFiles/new_build.elf.dir/Middlewares/Third_Party/SystemView/SEGGER/SEGGER_SYSVIEW.c.obj
                0x08008f10                SEGGER_SYSVIEW_OnTaskStartExec
 .text.SEGGER_SYSVIEW_OnTaskStartReady
                0x08008f58       0x48 CMakeFiles/new_build.elf.dir/Middlewares/Third_Party/SystemView/SEGGER/SEGGER_SYSVIEW.c.obj
                0x08008f58                SEGGER_SYSVIEW_OnTaskStartReady
 .text.SEGGER_SYSVIEW_SendModule
                0x08008fa0       0x78 CMakeFiles/new_build.elf.dir/Middlewares/Third_Party/SystemView/SEGGER/SEGGER_SYSVIEW.c.obj
                0x08008fa0                SEGGER_SYSVIEW_SendModule
 .text.SEGGER_SYSVIEW_Warn
                0x08009018       0x40 CMakeFiles/new_build.elf.dir/Middlewares/Third_Party/SystemView/SEGGER/SEGGER_SYSVIEW.c.obj
                0x08009018                SEGGER_SYSVIEW_Warn
 .text._cbGetTime
                0x08009058       0x28 CMakeFiles/new_build.elf.dir/Middlewares/Third_Party/SystemView/SEGGER/SEGGER_SYSVIEW_FreeRTOS.c.obj
 .text.SYSVIEW_DeleteTask
                0x08009080       0xa0 CMakeFiles/new_build.elf.dir/Middlewares/Third_Party/SystemView/SEGGER/SEGGER_SYSVIEW_FreeRTOS.c.obj
                0x08009080                SYSVIEW_DeleteTask
 .text.SYSVIEW_SendTaskInfo
                0x08009120       0x26 CMakeFiles/new_build.elf.dir/Middlewares/Third_Party/SystemView/SEGGER/SEGGER_SYSVIEW_FreeRTOS.c.obj
                0x08009120                SYSVIEW_SendTaskInfo
 *fill*         0x08009146        0x2 
 .text.SYSVIEW_AddTask
                0x08009148       0x6c CMakeFiles/new_build.elf.dir/Middlewares/Third_Party/SystemView/SEGGER/SEGGER_SYSVIEW_FreeRTOS.c.obj
                0x08009148                SYSVIEW_AddTask
 .text._cbSendTaskList
                0x080091b4       0x40 CMakeFiles/new_build.elf.dir/Middlewares/Third_Party/SystemView/SEGGER/SEGGER_SYSVIEW_FreeRTOS.c.obj
 .text.Action_Task
                0x080091f4       0x34 CMakeFiles/new_build.elf.dir/Module/action/action.c.obj
                0x080091f4                Action_Task
 .text.Action_RefreshData
                0x08009228        0x4 CMakeFiles/new_build.elf.dir/Module/action/action.c.obj
                0x08009228                Action_RefreshData
 .text.Action_GetData
                0x0800922c      0x11c CMakeFiles/new_build.elf.dir/Module/action/action.c.obj
                0x0800922c                Action_GetData
 .text.Action_Rtos_Init
                0x08009348       0x5c CMakeFiles/new_build.elf.dir/Module/action/action.c.obj
 .text.Action_Deinit
                0x080093a4       0x78 CMakeFiles/new_build.elf.dir/Module/action/action.c.obj
                0x080093a4                Action_Deinit
 .text.Action_Init
                0x0800941c       0xe4 CMakeFiles/new_build.elf.dir/Module/action/action.c.obj
                0x0800941c                Action_Init
 .text.Action_RxCallback_Fun
                0x08009500       0x46 CMakeFiles/new_build.elf.dir/Module/action/action.c.obj
                0x08009500                Action_RxCallback_Fun
 .text.update_trapezoidal_state
                0x08009546       0x4a CMakeFiles/new_build.elf.dir/Module/air_joy/air_joy.c.obj
 .text.Air_SWO_Event_Process
                0x08009590       0xbc CMakeFiles/new_build.elf.dir/Module/air_joy/air_joy.c.obj
 .text.Air_Update
                0x0800964c      0x138 CMakeFiles/new_build.elf.dir/Module/air_joy/air_joy.c.obj
                0x0800964c                Air_Update
 .text.Air_Joy_Init
                0x08009784       0x98 CMakeFiles/new_build.elf.dir/Module/air_joy/air_joy.c.obj
                0x08009784                Air_Joy_Init
 .text.Air_Joy_Publish
                0x0800981c       0x2c CMakeFiles/new_build.elf.dir/Module/air_joy/air_joy.c.obj
                0x0800981c                Air_Joy_Publish
 .text.Air_Joy_Process
                0x08009848      0x15c CMakeFiles/new_build.elf.dir/Module/air_joy/air_joy.c.obj
                0x08009848                Air_Joy_Process
 .text.f_Trapezoid_Intergral
                0x080099a4       0x7c CMakeFiles/new_build.elf.dir/Module/controller/pid_controller.c.obj
 .text.f_Changing_Integration_Rate
                0x08009a20       0x72 CMakeFiles/new_build.elf.dir/Module/controller/pid_controller.c.obj
 *fill*         0x08009a92        0x2 
 .text.f_Integral_Limit
                0x08009a94       0xa4 CMakeFiles/new_build.elf.dir/Module/controller/pid_controller.c.obj
 .text.f_Derivative_Filter
                0x08009b38       0x3a CMakeFiles/new_build.elf.dir/Module/controller/pid_controller.c.obj
 .text.f_Output_Filter
                0x08009b72       0x3a CMakeFiles/new_build.elf.dir/Module/controller/pid_controller.c.obj
 .text.f_Output_Limit
                0x08009bac       0x34 CMakeFiles/new_build.elf.dir/Module/controller/pid_controller.c.obj
 .text.f_Proportion_Limit
                0x08009be0       0x34 CMakeFiles/new_build.elf.dir/Module/controller/pid_controller.c.obj
 .text.f_PID_ErrorHandle
                0x08009c14       0xb8 CMakeFiles/new_build.elf.dir/Module/controller/pid_controller.c.obj
 .text.f_Derivative_On_Measurement
                0x08009ccc      0x12c CMakeFiles/new_build.elf.dir/Module/controller/pid_controller.c.obj
 .text.PID_Init
                0x08009df8       0x58 CMakeFiles/new_build.elf.dir/Module/controller/pid_controller.c.obj
                0x08009df8                PID_Init
 .text.PID_Calculate
                0x08009e50      0x340 CMakeFiles/new_build.elf.dir/Module/controller/pid_controller.c.obj
                0x08009e50                PID_Calculate
 .text._ZN9RM_Common14aps_to_currentERf
                0x0800a190        0x4 CMakeFiles/new_build.elf.dir/Module/motor/rm_motor.cpp.obj
                0x0800a190                RM_Common::aps_to_current(float&)
 .text._ZN9RM_Common13set_motor_refEf
                0x0800a194        0x6 CMakeFiles/new_build.elf.dir/Module/motor/rm_motor.cpp.obj
                0x0800a194                RM_Common::set_motor_ref(float)
 .text._ZN9RM_Common14stop_the_motorEv
                0x0800a19a        0x8 CMakeFiles/new_build.elf.dir/Module/motor/rm_motor.cpp.obj
                0x0800a19a                RM_Common::stop_the_motor()
 .text._ZN9RM_Common16enable_the_motorEv
                0x0800a1a2        0x8 CMakeFiles/new_build.elf.dir/Module/motor/rm_motor.cpp.obj
                0x0800a1a2                RM_Common::enable_the_motor()
 *fill*         0x0800a1aa        0x2 
 .text._ZN9RM_Common20pid_control_to_motorEv
                0x0800a1ac       0xa0 CMakeFiles/new_build.elf.dir/Module/motor/rm_motor.cpp.obj
                0x0800a1ac                RM_Common::pid_control_to_motor()
 .text.queue_send_wrapper
                0x0800a24c        0xa CMakeFiles/new_build.elf.dir/Module/rtos_interface.c.obj
                0x0800a24c                queue_send_wrapper
 *fill*         0x0800a256        0x2 
 .text.Time_Interface_Init
                0x0800a258       0x14 CMakeFiles/new_build.elf.dir/Module/soft_iwdg/soft_iwdg.c.obj
 .text.IWDG_Fall_Asleep
                0x0800a26c       0x18 CMakeFiles/new_build.elf.dir/Module/soft_iwdg/soft_iwdg.c.obj
                0x0800a26c                IWDG_Fall_Asleep
 .text.IWDG_Feed_Dog
                0x0800a284        0xa CMakeFiles/new_build.elf.dir/Module/soft_iwdg/soft_iwdg.c.obj
                0x0800a284                IWDG_Feed_Dog
 .text.IWDG_Is_Dog_Online
                0x0800a28e        0xa CMakeFiles/new_build.elf.dir/Module/soft_iwdg/soft_iwdg.c.obj
                0x0800a28e                IWDG_Is_Dog_Online
 .text.IWDG_Deinit
                0x0800a298       0x2e CMakeFiles/new_build.elf.dir/Module/soft_iwdg/soft_iwdg.c.obj
 *fill*         0x0800a2c6        0x2 
 .text.IWDG_UnRegister
                0x0800a2c8       0x68 CMakeFiles/new_build.elf.dir/Module/soft_iwdg/soft_iwdg.c.obj
                0x0800a2c8                IWDG_UnRegister
 .text.IWDG_Register
                0x0800a330       0x74 CMakeFiles/new_build.elf.dir/Module/soft_iwdg/soft_iwdg.c.obj
                0x0800a330                IWDG_Register
 .text.create_circular_queue
                0x0800a3a4       0x3a CMakeFiles/new_build.elf.dir/Module/tool/circular_queue.c.obj
                0x0800a3a4                create_circular_queue
 .text.circular_queue_push
                0x0800a3de       0x36 CMakeFiles/new_build.elf.dir/Module/tool/circular_queue.c.obj
                0x0800a3de                circular_queue_push
 .text.circular_queue_pop
                0x0800a414       0x28 CMakeFiles/new_build.elf.dir/Module/tool/circular_queue.c.obj
                0x0800a414                circular_queue_pop
 .text.cvector_create
                0x0800a43c       0x40 CMakeFiles/new_build.elf.dir/Module/tool/cvector.c.obj
                0x0800a43c                cvector_create
 .text.cvector_pushback
                0x0800a47c       0x42 CMakeFiles/new_build.elf.dir/Module/tool/cvector.c.obj
                0x0800a47c                cvector_pushback
 .text.cvector_val_at
                0x0800a4be        0xa CMakeFiles/new_build.elf.dir/Module/tool/cvector.c.obj
                0x0800a4be                cvector_val_at
 .text.OLS_Init
                0x0800a4c8       0x5a CMakeFiles/new_build.elf.dir/Module/tool/user_tool.c.obj
                0x0800a4c8                OLS_Init
 *fill*         0x0800a522        0x2 
 .text.OLS_Derivative
                0x0800a524      0x1f0 CMakeFiles/new_build.elf.dir/Module/tool/user_tool.c.obj
                0x0800a524                OLS_Derivative
 .text.sub_get  0x0800a714       0x34 CMakeFiles/new_build.elf.dir/Module/topics/topics.c.obj
 .text.pub_commit
                0x0800a748       0x40 CMakeFiles/new_build.elf.dir/Module/topics/topics.c.obj
 .text.register_topic
                0x0800a788       0x5c CMakeFiles/new_build.elf.dir/Module/topics/topics.c.obj
 .text.SubPub_Init
                0x0800a7e4       0x14 CMakeFiles/new_build.elf.dir/Module/topics/topics.c.obj
                0x0800a7e4                SubPub_Init
 .text.register_pub
                0x0800a7f8       0x28 CMakeFiles/new_build.elf.dir/Module/topics/topics.c.obj
                0x0800a7f8                register_pub
 .text.register_sub
                0x0800a820       0x3c CMakeFiles/new_build.elf.dir/Module/topics/topics.c.obj
                0x0800a820                register_sub
 .text.Reset_Handler
                0x0800a85c       0x50 CMakeFiles/new_build.elf.dir/ToolChain/startup_stm32f407xx.s.obj
                0x0800a85c                Reset_Handler
 .text.Default_Handler
                0x0800a8ac        0x2 CMakeFiles/new_build.elf.dir/ToolChain/startup_stm32f407xx.s.obj
                0x0800a8ac                RTC_Alarm_IRQHandler
                0x0800a8ac                HASH_RNG_IRQHandler
                0x0800a8ac                EXTI2_IRQHandler
                0x0800a8ac                TIM8_CC_IRQHandler
                0x0800a8ac                TIM1_CC_IRQHandler
                0x0800a8ac                DMA2_Stream5_IRQHandler
                0x0800a8ac                PVD_IRQHandler
                0x0800a8ac                SDIO_IRQHandler
                0x0800a8ac                TAMP_STAMP_IRQHandler
                0x0800a8ac                EXTI3_IRQHandler
                0x0800a8ac                TIM8_TRG_COM_TIM14_IRQHandler
                0x0800a8ac                TIM1_UP_TIM10_IRQHandler
                0x0800a8ac                TIM8_UP_TIM13_IRQHandler
                0x0800a8ac                I2C3_ER_IRQHandler
                0x0800a8ac                EXTI0_IRQHandler
                0x0800a8ac                I2C2_EV_IRQHandler
                0x0800a8ac                FPU_IRQHandler
                0x0800a8ac                OTG_HS_WKUP_IRQHandler
                0x0800a8ac                CAN2_SCE_IRQHandler
                0x0800a8ac                SPI1_IRQHandler
                0x0800a8ac                TIM6_DAC_IRQHandler
                0x0800a8ac                TIM1_BRK_TIM9_IRQHandler
                0x0800a8ac                DCMI_IRQHandler
                0x0800a8ac                DMA2_Stream3_IRQHandler
                0x0800a8ac                USART6_IRQHandler
                0x0800a8ac                USART3_IRQHandler
                0x0800a8ac                UART5_IRQHandler